Archive member included to satisfy reference by file (symbol)

D:/Studia/5th_semester/stm32_IDE/STM32CubeIDE_1.13.2/STM32CubeIDE/plugins/com.st.stm32cube.ide.mcu.externaltools.gnu-tools-for-stm32.11.3.rel1.win32_1.1.1.202309131626/tools/bin/../lib/gcc/arm-none-eabi/11.3.1/../../../../arm-none-eabi/lib/thumb/v7e-m+fp/hard\libc_nano.a(libc_a-atoi.o)
                              ./Components/Src/Keypad.o (atoi)
D:/Studia/5th_semester/stm32_IDE/STM32CubeIDE_1.13.2/STM32CubeIDE/plugins/com.st.stm32cube.ide.mcu.externaltools.gnu-tools-for-stm32.11.3.rel1.win32_1.1.1.202309131626/tools/bin/../lib/gcc/arm-none-eabi/11.3.1/../../../../arm-none-eabi/lib/thumb/v7e-m+fp/hard\libc_nano.a(libc_a-exit.o)
                              D:/Studia/5th_semester/stm32_IDE/STM32CubeIDE_1.13.2/STM32CubeIDE/plugins/com.st.stm32cube.ide.mcu.externaltools.gnu-tools-for-stm32.11.3.rel1.win32_1.1.1.202309131626/tools/bin/../lib/gcc/arm-none-eabi/11.3.1/../../../../arm-none-eabi/lib/thumb/v7e-m+fp/hard/crt0.o (exit)
D:/Studia/5th_semester/stm32_IDE/STM32CubeIDE_1.13.2/STM32CubeIDE/plugins/com.st.stm32cube.ide.mcu.externaltools.gnu-tools-for-stm32.11.3.rel1.win32_1.1.1.202309131626/tools/bin/../lib/gcc/arm-none-eabi/11.3.1/../../../../arm-none-eabi/lib/thumb/v7e-m+fp/hard\libc_nano.a(libc_a-strtol.o)
                              D:/Studia/5th_semester/stm32_IDE/STM32CubeIDE_1.13.2/STM32CubeIDE/plugins/com.st.stm32cube.ide.mcu.externaltools.gnu-tools-for-stm32.11.3.rel1.win32_1.1.1.202309131626/tools/bin/../lib/gcc/arm-none-eabi/11.3.1/../../../../arm-none-eabi/lib/thumb/v7e-m+fp/hard\libc_nano.a(libc_a-atoi.o) (_strtol_r)
D:/Studia/5th_semester/stm32_IDE/STM32CubeIDE_1.13.2/STM32CubeIDE/plugins/com.st.stm32cube.ide.mcu.externaltools.gnu-tools-for-stm32.11.3.rel1.win32_1.1.1.202309131626/tools/bin/../lib/gcc/arm-none-eabi/11.3.1/../../../../arm-none-eabi/lib/thumb/v7e-m+fp/hard\libc_nano.a(libc_a-ctype_.o)
                              D:/Studia/5th_semester/stm32_IDE/STM32CubeIDE_1.13.2/STM32CubeIDE/plugins/com.st.stm32cube.ide.mcu.externaltools.gnu-tools-for-stm32.11.3.rel1.win32_1.1.1.202309131626/tools/bin/../lib/gcc/arm-none-eabi/11.3.1/../../../../arm-none-eabi/lib/thumb/v7e-m+fp/hard\libc_nano.a(libc_a-strtol.o) (_ctype_)
D:/Studia/5th_semester/stm32_IDE/STM32CubeIDE_1.13.2/STM32CubeIDE/plugins/com.st.stm32cube.ide.mcu.externaltools.gnu-tools-for-stm32.11.3.rel1.win32_1.1.1.202309131626/tools/bin/../lib/gcc/arm-none-eabi/11.3.1/../../../../arm-none-eabi/lib/thumb/v7e-m+fp/hard\libc_nano.a(libc_a-findfp.o)
                              D:/Studia/5th_semester/stm32_IDE/STM32CubeIDE_1.13.2/STM32CubeIDE/plugins/com.st.stm32cube.ide.mcu.externaltools.gnu-tools-for-stm32.11.3.rel1.win32_1.1.1.202309131626/tools/bin/../lib/gcc/arm-none-eabi/11.3.1/../../../../arm-none-eabi/lib/thumb/v7e-m+fp/hard\libc_nano.a(libc_a-exit.o) (__stdio_exit_handler)
D:/Studia/5th_semester/stm32_IDE/STM32CubeIDE_1.13.2/STM32CubeIDE/plugins/com.st.stm32cube.ide.mcu.externaltools.gnu-tools-for-stm32.11.3.rel1.win32_1.1.1.202309131626/tools/bin/../lib/gcc/arm-none-eabi/11.3.1/../../../../arm-none-eabi/lib/thumb/v7e-m+fp/hard\libc_nano.a(libc_a-fwalk.o)
                              D:/Studia/5th_semester/stm32_IDE/STM32CubeIDE_1.13.2/STM32CubeIDE/plugins/com.st.stm32cube.ide.mcu.externaltools.gnu-tools-for-stm32.11.3.rel1.win32_1.1.1.202309131626/tools/bin/../lib/gcc/arm-none-eabi/11.3.1/../../../../arm-none-eabi/lib/thumb/v7e-m+fp/hard\libc_nano.a(libc_a-findfp.o) (_fwalk_sglue)
D:/Studia/5th_semester/stm32_IDE/STM32CubeIDE_1.13.2/STM32CubeIDE/plugins/com.st.stm32cube.ide.mcu.externaltools.gnu-tools-for-stm32.11.3.rel1.win32_1.1.1.202309131626/tools/bin/../lib/gcc/arm-none-eabi/11.3.1/../../../../arm-none-eabi/lib/thumb/v7e-m+fp/hard\libc_nano.a(libc_a-sprintf.o)
                              ./Components/Src/lcd.o (sprintf)
D:/Studia/5th_semester/stm32_IDE/STM32CubeIDE_1.13.2/STM32CubeIDE/plugins/com.st.stm32cube.ide.mcu.externaltools.gnu-tools-for-stm32.11.3.rel1.win32_1.1.1.202309131626/tools/bin/../lib/gcc/arm-none-eabi/11.3.1/../../../../arm-none-eabi/lib/thumb/v7e-m+fp/hard\libc_nano.a(libc_a-stdio.o)
                              D:/Studia/5th_semester/stm32_IDE/STM32CubeIDE_1.13.2/STM32CubeIDE/plugins/com.st.stm32cube.ide.mcu.externaltools.gnu-tools-for-stm32.11.3.rel1.win32_1.1.1.202309131626/tools/bin/../lib/gcc/arm-none-eabi/11.3.1/../../../../arm-none-eabi/lib/thumb/v7e-m+fp/hard\libc_nano.a(libc_a-findfp.o) (__sread)
D:/Studia/5th_semester/stm32_IDE/STM32CubeIDE_1.13.2/STM32CubeIDE/plugins/com.st.stm32cube.ide.mcu.externaltools.gnu-tools-for-stm32.11.3.rel1.win32_1.1.1.202309131626/tools/bin/../lib/gcc/arm-none-eabi/11.3.1/../../../../arm-none-eabi/lib/thumb/v7e-m+fp/hard\libc_nano.a(libc_a-vsprintf.o)
                              ./Components/Src/lcd.o (vsprintf)
[...]
Memory Configuration

Name             Origin             Length             Attributes
RAM              0x0000000020000000 0x0000000000050000 xrw
FLASH            0x0000000008000000 0x0000000000100000 xr
*default*        0x0000000000000000 0xffffffffffffffff

Linker script and memory map

LOAD D:/Studia/5th_semester/stm32_IDE/STM32CubeIDE_1.13.2/STM32CubeIDE/plugins/com.st.stm32cube.ide.mcu.externaltools.gnu-tools-for-stm32.11.3.rel1.win32_1.1.1.202309131626/tools/bin/../lib/gcc/arm-none-eabi/11.3.1/thumb/v7e-m+fp/hard/crti.o
LOAD D:/Studia/5th_semester/stm32_IDE/STM32CubeIDE_1.13.2/STM32CubeIDE/plugins/com.st.stm32cube.ide.mcu.externaltools.gnu-tools-for-stm32.11.3.rel1.win32_1.1.1.202309131626/tools/bin/../lib/gcc/arm-none-eabi/11.3.1/thumb/v7e-m+fp/hard/crtbegin.o
LOAD D:/Studia/5th_semester/stm32_IDE/STM32CubeIDE_1.13.2/STM32CubeIDE/plugins/com.st.stm32cube.ide.mcu.externaltools.gnu-tools-for-stm32.11.3.rel1.win32_1.1.1.202309131626/tools/bin/../lib/gcc/arm-none-eabi/11.3.1/../../../../arm-none-eabi/lib/thumb/v7e-m+fp/hard/crt0.o
LOAD ./Components/Src/Keypad.o
LOAD ./Components/Src/PID_controller.o
LOAD ./Components/Src/Servo.o
LOAD ./Components/Src/btn.o
LOAD ./Components/Src/dio.o
LOAD ./Components/Src/hcsr04_sensor.o
LOAD ./Components/Src/lcd.o
LOAD ./Components/Src/lcd_config.o
LOAD ./Components/Src/pwm.o
LOAD ./Core/Src/gpio.o
LOAD ./Core/Src/i2c.o
LOAD ./Core/Src/main.o
LOAD ./Core/Src/stm32f7xx_hal_msp.o
LOAD ./Core/Src/stm32f7xx_it.o
LOAD ./Core/Src/syscalls.o
LOAD ./Core/Src/sysmem.o
LOAD ./Core/Src/system_stm32f7xx.o
LOAD ./Core/Src/tim.o
LOAD ./Core/Src/usart.o
LOAD ./Core/Startup/startup_stm32f746zgtx.o
LOAD ./Drivers/STM32F7xx_HAL_Driver/Src/stm32f7xx_hal.o
LOAD ./Drivers/STM32F7xx_HAL_Driver/Src/stm32f7xx_hal_cortex.o
LOAD ./Drivers/STM32F7xx_HAL_Driver/Src/stm32f7xx_hal_dma.o
LOAD ./Drivers/STM32F7xx_HAL_Driver/Src/stm32f7xx_hal_dma_ex.o
LOAD ./Drivers/STM32F7xx_HAL_Driver/Src/stm32f7xx_hal_exti.o
LOAD ./Drivers/STM32F7xx_HAL_Driver/Src/stm32f7xx_hal_flash.o
LOAD ./Drivers/STM32F7xx_HAL_Driver/Src/stm32f7xx_hal_flash_ex.o
LOAD ./Drivers/STM32F7xx_HAL_Driver/Src/stm32f7xx_hal_gpio.o
LOAD ./Drivers/STM32F7xx_HAL_Driver/Src/stm32f7xx_hal_i2c.o
LOAD ./Drivers/STM32F7xx_HAL_Driver/Src/stm32f7xx_hal_i2c_ex.o
LOAD ./Drivers/STM32F7xx_HAL_Driver/Src/stm32f7xx_hal_pwr.o
LOAD ./Drivers/STM32F7xx_HAL_Driver/Src/stm32f7xx_hal_pwr_ex.o
LOAD ./Drivers/STM32F7xx_HAL_Driver/Src/stm32f7xx_hal_rcc.o
LOAD ./Drivers/STM32F7xx_HAL_Driver/Src/stm32f7xx_hal_rcc_ex.o
LOAD ./Drivers/STM32F7xx_HAL_Driver/Src/stm32f7xx_hal_tim.o
LOAD ./Drivers/STM32F7xx_HAL_Driver/Src/stm32f7xx_hal_tim_ex.o
LOAD ./Drivers/STM32F7xx_HAL_Driver/Src/stm32f7xx_hal_uart.o
LOAD ./Drivers/STM32F7xx_HAL_Driver/Src/stm32f7xx_hal_uart_ex.o
START GROUP
LOAD D:/Studia/5th_semester/stm32_IDE/STM32CubeIDE_1.13.2/STM32CubeIDE/plugins/com.st.stm32cube.ide.mcu.externaltools.gnu-tools-for-stm32.11.3.rel1.win32_1.1.1.202309131626/tools/bin/../lib/gcc/arm-none-eabi/11.3.1/../../../../arm-none-eabi/lib/thumb/v7e-m+fp/hard\libc_nano.a
LOAD D:/Studia/5th_semester/stm32_IDE/STM32CubeIDE_1.13.2/STM32CubeIDE/plugins/com.st.stm32cube.ide.mcu.externaltools.gnu-tools-for-stm32.11.3.rel1.win32_1.1.1.202309131626/tools/bin/../lib/gcc/arm-none-eabi/11.3.1/../../../../arm-none-eabi/lib/thumb/v7e-m+fp/hard\libm.a
END GROUP
START GROUP
LOAD D:/Studia/5th_semester/stm32_IDE/STM32CubeIDE_1.13.2/STM32CubeIDE/plugins/com.st.stm32cube.ide.mcu.externaltools.gnu-tools-for-stm32.11.3.rel1.win32_1.1.1.202309131626/tools/bin/../lib/gcc/arm-none-eabi/11.3.1/thumb/v7e-m+fp/hard\libgcc.a
LOAD D:/Studia/5th_semester/stm32_IDE/STM32CubeIDE_1.13.2/STM32CubeIDE/plugins/com.st.stm32cube.ide.mcu.externaltools.gnu-tools-for-stm32.11.3.rel1.win32_1.1.1.202309131626/tools/bin/../lib/gcc/arm-none-eabi/11.3.1/../../../../arm-none-eabi/lib/thumb/v7e-m+fp/hard\libc_nano.a
END GROUP
START GROUP
LOAD D:/Studia/5th_semester/stm32_IDE/STM32CubeIDE_1.13.2/STM32CubeIDE/plugins/com.st.stm32cube.ide.mcu.externaltools.gnu-tools-for-stm32.11.3.rel1.win32_1.1.1.202309131626/tools/bin/../lib/gcc/arm-none-eabi/11.3.1/thumb/v7e-m+fp/hard\libgcc.a
LOAD D:/Studia/5th_semester/stm32_IDE/STM32CubeIDE_1.13.2/STM32CubeIDE/plugins/com.st.stm32cube.ide.mcu.externaltools.gnu-tools-for-stm32.11.3.rel1.win32_1.1.1.202309131626/tools/bin/../lib/gcc/arm-none-eabi/11.3.1/../../../../arm-none-eabi/lib/thumb/v7e-m+fp/hard\libc_nano.a
LOAD D:/Studia/5th_semester/stm32_IDE/STM32CubeIDE_1.13.2/STM32CubeIDE/plugins/com.st.stm32cube.ide.mcu.externaltools.gnu-tools-for-stm32.11.3.rel1.win32_1.1.1.202309131626/tools/bin/../lib/gcc/arm-none-eabi/11.3.1/../../../../arm-none-eabi/lib/thumb/v7e-m+fp/hard\libnosys.a
END GROUP
START GROUP
LOAD D:/Studia/5th_semester/stm32_IDE/STM32CubeIDE_1.13.2/STM32CubeIDE/plugins/com.st.stm32cube.ide.mcu.externaltools.gnu-tools-for-stm32.11.3.rel1.win32_1.1.1.202309131626/tools/bin/../lib/gcc/arm-none-eabi/11.3.1/thumb/v7e-m+fp/hard\libgcc.a
LOAD D:/Studia/5th_semester/stm32_IDE/STM32CubeIDE_1.13.2/STM32CubeIDE/plugins/com.st.stm32cube.ide.mcu.externaltools.gnu-tools-for-stm32.11.3.rel1.win32_1.1.1.202309131626/tools/bin/../lib/gcc/arm-none-eabi/11.3.1/../../../../arm-none-eabi/lib/thumb/v7e-m+fp/hard\libc_nano.a
LOAD D:/Studia/5th_semester/stm32_IDE/STM32CubeIDE_1.13.2/STM32CubeIDE/plugins/com.st.stm32cube.ide.mcu.externaltools.gnu-tools-for-stm32.11.3.rel1.win32_1.1.1.202309131626/tools/bin/../lib/gcc/arm-none-eabi/11.3.1/../../../../arm-none-eabi/lib/thumb/v7e-m+fp/hard\libnosys.a
END GROUP
LOAD D:/Studia/5th_semester/stm32_IDE/STM32CubeIDE_1.13.2/STM32CubeIDE/plugins/com.st.stm32cube.ide.mcu.externaltools.gnu-tools-for-stm32.11.3.rel1.win32_1.1.1.202309131626/tools/bin/../lib/gcc/arm-none-eabi/11.3.1/thumb/v7e-m+fp/hard/crtend.o
LOAD D:/Studia/5th_semester/stm32_IDE/STM32CubeIDE_1.13.2/STM32CubeIDE/plugins/com.st.stm32cube.ide.mcu.externaltools.gnu-tools-for-stm32.11.3.rel1.win32_1.1.1.202309131626/tools/bin/../lib/gcc/arm-none-eabi/11.3.1/thumb/v7e-m+fp/hard/crtn.o
                0x0000000020050000                _estack = (ORIGIN (RAM) + LENGTH (RAM))
                0x0000000000000200                _Min_Heap_Size = 0x200
                0x0000000000000400                _Min_Stack_Size = 0x400

.isr_vector     0x0000000008000000      0x1c8
                0x0000000008000000                . = ALIGN (0x4)
 *(.isr_vector)
 .isr_vector    0x0000000008000000      0x1c8 ./Core/Startup/startup_stm32f746zgtx.o
                0x0000000008000000                g_pfnVectors
                0x00000000080001c8                . = ALIGN (0x4)

.text           0x00000000080001d0     0x8598
                0x00000000080001d0                . = ALIGN (0x4)
 *(.text)
 .text          0x00000000080001d0       0x40 D:/Studia/5th_semester/stm32_IDE/STM32CubeIDE_1.13.2/STM32CubeIDE/plugins/com.st.stm32cube.ide.mcu.externaltools.gnu-tools-for-stm32.11.3.rel1.win32_1.1.1.202309131626/tools/bin/../lib/gcc/arm-none-eabi/11.3.1/thumb/v7e-m+fp/hard/crtbegin.o
 .text          0x0000000008000210       0x10 D:/Studia/5th_semester/stm32_IDE/STM32CubeIDE_1.13.2/STM32CubeIDE/plugins/com.st.stm32cube.ide.mcu.externaltools.gnu-tools-for-stm32.11.3.rel1.win32_1.1.1.202309131626/tools/bin/../lib/gcc/arm-none-eabi/11.3.1/../../../../arm-none-eabi/lib/thumb/v7e-m+fp/hard\libc_nano.a(libc_a-strlen.o)
                0x0000000008000210                strlen
 .text          0x0000000008000220       0xa0 D:/Studia/5th_semester/stm32_IDE/STM32CubeIDE_1.13.2/STM32CubeIDE/plugins/com.st.stm32cube.ide.mcu.externaltools.gnu-tools-for-stm32.11.3.rel1.win32_1.1.1.202309131626/tools/bin/../lib/gcc/arm-none-eabi/11.3.1/../../../../arm-none-eabi/lib/thumb/v7e-m+fp/hard\libc_nano.a(libc_a-memchr.o)
                0x0000000008000220                memchr
 .text          0x00000000080002c0      0x254 D:/Studia/5th_semester/stm32_IDE/STM32CubeIDE_1.13.2/STM32CubeIDE/plugins/com.st.stm32cube.ide.mcu.externaltools.gnu-tools-for-stm32.11.3.rel1.win32_1.1.1.202309131626/tools/bin/../lib/gcc/arm-none-eabi/11.3.1/thumb/v7e-m+fp/hard\libgcc.a(_arm_muldf3.o)
                0x00000000080002c0                __muldf3
                0x00000000080002c0                __aeabi_dmul
 .text          0x0000000008000514      0x378 D:/Studia/5th_semester/stm32_IDE/STM32CubeIDE_1.13.2/STM32CubeIDE/plugins/com.st.stm32cube.ide.mcu.externaltools.gnu-tools-for-stm32.11.3.rel1.win32_1.1.1.202309131626/tools/bin/../lib/gcc/arm-none-eabi/11.3.1/thumb/v7e-m+fp/hard\libgcc.a(_arm_addsubdf3.o)
                0x0000000008000514                __aeabi_drsub
                0x000000000800051c                __aeabi_dsub
                0x000000000800051c                __subdf3
                0x0000000008000520                __aeabi_dadd
                0x0000000008000520                __adddf3
                0x0000000008000798                __floatunsidf
                0x0000000008000798                __aeabi_ui2d
                0x00000000080007b8                __floatsidf
                0x00000000080007b8                __aeabi_i2d
                0x00000000080007dc                __aeabi_f2d
                0x00000000080007dc                __extendsfdf2
                0x0000000008000820                __floatundidf
                0x0000000008000820                __aeabi_ul2d
                0x0000000008000830                __floatdidf
                0x0000000008000830                __aeabi_l2d
 .text          0x000000000800088c       0xa0 D:/Studia/5th_semester/stm32_IDE/STM32CubeIDE_1.13.2/STM32CubeIDE/plugins/com.st.stm32cube.ide.mcu.externaltools.gnu-tools-for-stm32.11.3.rel1.win32_1.1.1.202309131626/tools/bin/../lib/gcc/arm-none-eabi/11.3.1/thumb/v7e-m+fp/hard\libgcc.a(_arm_truncdfsf2.o)
                0x000000000800088c                __truncdfsf2
                0x000000000800088c                __aeabi_d2f
 .text          0x000000000800092c       0x30 D:/Studia/5th_semester/stm32_IDE/STM32CubeIDE_1.13.2/STM32CubeIDE/plugins/com.st.stm32cube.ide.mcu.externaltools.gnu-tools-for-stm32.11.3.rel1.win32_1.1.1.202309131626/tools/bin/../lib/gcc/arm-none-eabi/11.3.1/thumb/v7e-m+fp/hard\libgcc.a(_aeabi_uldivmod.o)
                0x000000000800092c                __aeabi_uldivmod
 .text          0x000000000800095c      0x2c8 D:/Studia/5th_semester/stm32_IDE/STM32CubeIDE_1.13.2/STM32CubeIDE/plugins/com.st.stm32cube.ide.mcu.externaltools.gnu-tools-for-stm32.11.3.rel1.win32_1.1.1.202309131626/tools/bin/../lib/gcc/arm-none-eabi/11.3.1/thumb/v7e-m+fp/hard\libgcc.a(_udivmoddi4.o)
                0x000000000800095c                __udivmoddi4
 .text          0x0000000008000c24        0x4 D:/Studia/5th_semester/stm32_IDE/STM32CubeIDE_1.13.2/STM32CubeIDE/plugins/com.st.stm32cube.ide.mcu.externaltools.gnu-tools-for-stm32.11.3.rel1.win32_1.1.1.202309131626/tools/bin/../lib/gcc/arm-none-eabi/11.3.1/thumb/v7e-m+fp/hard\libgcc.a(_dvmd_tls.o)
                0x0000000008000c24                __aeabi_idiv0
                0x0000000008000c24                __aeabi_ldiv0
 *(.text*)
 .text.KEYPAD_GetKey
                0x0000000008000c28       0xc0 ./Components/Src/Keypad.o
                0x0000000008000c28                KEYPAD_GetKey
 .text.KEYPAD_Handling
                0x0000000008000ce8       0xa0 ./Components/Src/Keypad.o
                0x0000000008000ce8                KEYPAD_Handling
 .text.PID      0x0000000008000d88      0x10c ./Components/Src/PID_controller.o
                0x0000000008000d88                PID
 .text.SERVO_Init
                0x0000000008000e94       0x28 ./Components/Src/Servo.o
                0x0000000008000e94                SERVO_Init
 .text.SERVO_WritePosition
                0x0000000008000ebc       0x74 ./Components/Src/Servo.o
                0x0000000008000ebc                SERVO_WritePosition
 .text.BTN_DIO_Read
                0x0000000008000f30       0x30 ./Components/Src/btn.o
                0x0000000008000f30                BTN_DIO_Read
 .text.BTN_DIO_EdgeDetected
                0x0000000008000f60       0x4c ./Components/Src/btn.o
                0x0000000008000f60                BTN_DIO_EdgeDetected
 .text.DIO_Write
                0x0000000008000fac       0x24 ./Components/Src/dio.o
                0x0000000008000fac                DIO_Write
 .text.DIO_Read
                0x0000000008000fd0       0x2c ./Components/Src/dio.o
                0x0000000008000fd0                DIO_Read
 .text.hc_sr04_init
                0x0000000008000ffc       0x4e ./Components/Src/hcsr04_sensor.o
                0x0000000008000ffc                hc_sr04_init
 *fill*         0x000000000800104a        0x2 
 .text.hc_sr04_convert_us_to_cm
                0x000000000800104c       0x2c ./Components/Src/hcsr04_sensor.o
                0x000000000800104c                hc_sr04_convert_us_to_cm
 .text.CalulatePosition
                0x0000000008001078      0x1cc ./Components/Src/hcsr04_sensor.o
                0x0000000008001078                CalulatePosition
 .text.__lcd_delay_us
                0x0000000008001244       0x36 ./Components/Src/lcd.o
                0x0000000008001244                __lcd_delay_us
 *fill*         0x000000000800127a        0x2 
 .text.__lcd_i2c_write
                0x000000000800127c       0xb0 ./Components/Src/lcd.o
                0x000000000800127c                __lcd_i2c_write
 .text.__lcd_i2c_write_command
                0x000000000800132c       0x20 ./Components/Src/lcd.o
                0x000000000800132c                __lcd_i2c_write_command
 .text.__lcd_i2c_write_data
                0x000000000800134c       0x20 ./Components/Src/lcd.o
                0x000000000800134c                __lcd_i2c_write_data
 .text.LCD_I2C_Init
                0x000000000800136c       0x8e ./Components/Src/lcd.o
                0x000000000800136c                LCD_I2C_Init
 *fill*         0x00000000080013fa        0x2 
 .text.LCD_I2C_printDecInt
                0x00000000080013fc       0x4c ./Components/Src/lcd.o
                0x00000000080013fc                LCD_I2C_printDecInt
 .text.LCD_I2C_printStr
                0x0000000008001448       0x3e ./Components/Src/lcd.o
                0x0000000008001448                LCD_I2C_printStr
 *fill*         0x0000000008001486        0x2 
 .text.LCD_I2C_SetCursor
                0x0000000008001488       0x34 ./Components/Src/lcd.o
                0x0000000008001488                LCD_I2C_SetCursor
 .text.PWM_Init
                0x00000000080014bc       0x30 ./Components/Src/pwm.o
                0x00000000080014bc                PWM_Init
 .text.PWM_WriteDuty
                0x00000000080014ec       0xec ./Components/Src/pwm.o
                0x00000000080014ec                PWM_WriteDuty
 .text.MX_GPIO_Init
                0x00000000080015d8      0x344 ./Core/Src/gpio.o
                0x00000000080015d8                MX_GPIO_Init
 .text.MX_I2C1_Init
                0x000000000800191c       0x80 ./Core/Src/i2c.o
                0x000000000800191c                MX_I2C1_Init
 .text.HAL_I2C_MspInit
                0x000000000800199c       0xc0 ./Core/Src/i2c.o
                0x000000000800199c                HAL_I2C_MspInit
 .text.HAL_TIM_PeriodElapsedCallback
                0x0000000008001a5c       0x14 ./Core/Src/main.o
                0x0000000008001a5c                HAL_TIM_PeriodElapsedCallback
 .text.main     0x0000000008001a70      0x180 ./Core/Src/main.o
                0x0000000008001a70                main
 .text.SystemClock_Config
                0x0000000008001bf0       0xdc ./Core/Src/main.o
                0x0000000008001bf0                SystemClock_Config
 .text.HAL_UART_RxCpltCallback
                0x0000000008001ccc       0x40 ./Core/Src/main.o
                0x0000000008001ccc                HAL_UART_RxCpltCallback
 .text.HAL_TIM_IC_CaptureCallback
                0x0000000008001d0c       0xcc ./Core/Src/main.o
                0x0000000008001d0c                HAL_TIM_IC_CaptureCallback
 .text.Error_Handler
                0x0000000008001dd8        0xa ./Core/Src/main.o
                0x0000000008001dd8                Error_Handler
 *fill*         0x0000000008001de2        0x2 
 .text.HAL_MspInit
                0x0000000008001de4       0x48 ./Core/Src/stm32f7xx_hal_msp.o
                0x0000000008001de4                HAL_MspInit
 .text.NMI_Handler
                0x0000000008001e2c        0x6 ./Core/Src/stm32f7xx_it.o
                0x0000000008001e2c                NMI_Handler
 .text.HardFault_Handler
                0x0000000008001e32        0x6 ./Core/Src/stm32f7xx_it.o
                0x0000000008001e32                HardFault_Handler
 .text.MemManage_Handler
                0x0000000008001e38        0x6 ./Core/Src/stm32f7xx_it.o
                0x0000000008001e38                MemManage_Handler
 .text.BusFault_Handler
                0x0000000008001e3e        0x6 ./Core/Src/stm32f7xx_it.o
                0x0000000008001e3e                BusFault_Handler
 .text.UsageFault_Handler
                0x0000000008001e44        0x6 ./Core/Src/stm32f7xx_it.o
                0x0000000008001e44                UsageFault_Handler
 .text.SVC_Handler
                0x0000000008001e4a        0xe ./Core/Src/stm32f7xx_it.o
                0x0000000008001e4a                SVC_Handler
 .text.DebugMon_Handler
                0x0000000008001e58        0xe ./Core/Src/stm32f7xx_it.o
                0x0000000008001e58                DebugMon_Handler
 .text.PendSV_Handler
                0x0000000008001e66        0xe ./Core/Src/stm32f7xx_it.o
                0x0000000008001e66                PendSV_Handler
 .text.SysTick_Handler
                0x0000000008001e74        0xc ./Core/Src/stm32f7xx_it.o
                0x0000000008001e74                SysTick_Handler
 .text.TIM1_CC_IRQHandler
                0x0000000008001e80       0x14 ./Core/Src/stm32f7xx_it.o
                0x0000000008001e80                TIM1_CC_IRQHandler
 .text.TIM3_IRQHandler
                0x0000000008001e94       0x14 ./Core/Src/stm32f7xx_it.o
                0x0000000008001e94                TIM3_IRQHandler
 .text.USART3_IRQHandler
                0x0000000008001ea8       0x14 ./Core/Src/stm32f7xx_it.o
                0x0000000008001ea8                USART3_IRQHandler
 .text._sbrk    0x0000000008001ebc       0x6c ./Core/Src/sysmem.o
                0x0000000008001ebc                _sbrk
 .text.SystemInit
                0x0000000008001f28       0x24 ./Core/Src/system_stm32f7xx.o
                0x0000000008001f28                SystemInit
 .text.MX_TIM1_Init
                0x0000000008001f4c      0x148 ./Core/Src/tim.o
                0x0000000008001f4c                MX_TIM1_Init
 .text.MX_TIM2_Init
                0x0000000008002094       0xb4 ./Core/Src/tim.o
                0x0000000008002094                MX_TIM2_Init
 .text.MX_TIM3_Init
                0x0000000008002148      0x13c ./Core/Src/tim.o
                0x0000000008002148                MX_TIM3_Init
 .text.MX_TIM7_Init
                0x0000000008002284       0x6c ./Core/Src/tim.o
                0x0000000008002284                MX_TIM7_Init
 .text.MX_TIM9_Init
                0x00000000080022f0       0xc4 ./Core/Src/tim.o
                0x00000000080022f0                MX_TIM9_Init
 .text.HAL_TIM_Base_MspInit
                0x00000000080023b4      0x15c ./Core/Src/tim.o
                0x00000000080023b4                HAL_TIM_Base_MspInit
 .text.HAL_TIM_PWM_MspInit
                0x0000000008002510       0x3c ./Core/Src/tim.o
                0x0000000008002510                HAL_TIM_PWM_MspInit
 .text.HAL_TIM_MspPostInit
                0x000000000800254c       0xb8 ./Core/Src/tim.o
                0x000000000800254c                HAL_TIM_MspPostInit
 .text.MX_USART3_UART_Init
                0x0000000008002604       0x60 ./Core/Src/usart.o
                0x0000000008002604                MX_USART3_UART_Init
 .text.HAL_UART_MspInit
                0x0000000008002664       0xd0 ./Core/Src/usart.o
                0x0000000008002664                HAL_UART_MspInit
 .text.Reset_Handler
                0x0000000008002734       0x50 ./Core/Startup/startup_stm32f746zgtx.o
                0x0000000008002734                Reset_Handler
 .text.Default_Handler
                0x0000000008002784        0x2 ./Core/Startup/startup_stm32f746zgtx.o
                0x0000000008002784                RTC_Alarm_IRQHandler
                0x0000000008002784                EXTI2_IRQHandler
                0x0000000008002784                TIM8_CC_IRQHandler
                0x0000000008002784                UART8_IRQHandler
                0x0000000008002784                SPI4_IRQHandler
                0x0000000008002784                DMA2_Stream5_IRQHandler
                0x0000000008002784                DMA1_Stream5_IRQHandler
                0x0000000008002784                PVD_IRQHandler
                0x0000000008002784                TAMP_STAMP_IRQHandler
                0x0000000008002784                CAN2_RX1_IRQHandler
                0x0000000008002784                EXTI3_IRQHandler
                0x0000000008002784                TIM8_TRG_COM_TIM14_IRQHandler
                0x0000000008002784                TIM1_UP_TIM10_IRQHandler
                0x0000000008002784                TIM8_UP_TIM13_IRQHandler
                0x0000000008002784                I2C3_ER_IRQHandler
                0x0000000008002784                EXTI0_IRQHandler
                0x0000000008002784                I2C2_EV_IRQHandler
                0x0000000008002784                DMA1_Stream2_IRQHandler
                0x0000000008002784                CAN1_RX0_IRQHandler
                0x0000000008002784                FPU_IRQHandler
                0x0000000008002784                OTG_HS_WKUP_IRQHandler
                0x0000000008002784                LTDC_ER_IRQHandler
                0x0000000008002784                CAN2_SCE_IRQHandler
                0x0000000008002784                DMA2_Stream2_IRQHandler
                0x0000000008002784                SPI1_IRQHandler
                0x0000000008002784                TIM6_DAC_IRQHandler
                0x0000000008002784                TIM1_BRK_TIM9_IRQHandler
                0x0000000008002784                DCMI_IRQHandler
                0x0000000008002784                CAN2_RX0_IRQHandler
                0x0000000008002784                DMA2_Stream3_IRQHandler
                0x0000000008002784                SAI2_IRQHandler
                0x0000000008002784                USART6_IRQHandler
                0x0000000008002784                CAN1_RX1_IRQHandler
                0x0000000008002784                UART5_IRQHandler
                0x0000000008002784                DMA2_Stream0_IRQHandler
                0x0000000008002784                TIM4_IRQHandler
                0x0000000008002784                QUADSPI_IRQHandler
                0x0000000008002784                I2C1_EV_IRQHandler
                0x0000000008002784                DMA1_Stream6_IRQHandler
                0x0000000008002784                DMA1_Stream1_IRQHandler
                0x0000000008002784                UART4_IRQHandler
                0x0000000008002784                RCC_IRQHandler
                0x0000000008002784                TIM8_BRK_TIM12_IRQHandler
                0x0000000008002784                Default_Handler
                0x0000000008002784                CEC_IRQHandler
                0x0000000008002784                EXTI15_10_IRQHandler
                0x0000000008002784                ADC_IRQHandler
                0x0000000008002784                DMA1_Stream7_IRQHandler
                0x0000000008002784                SPI5_IRQHandler
                0x0000000008002784                TIM7_IRQHandler
                0x0000000008002784                SDMMC1_IRQHandler
                0x0000000008002784                CAN2_TX_IRQHandler
                0x0000000008002784                TIM5_IRQHandler
                0x0000000008002784                DMA2_Stream7_IRQHandler
                0x0000000008002784                I2C3_EV_IRQHandler
                0x0000000008002784                EXTI9_5_IRQHandler
                0x0000000008002784                RTC_WKUP_IRQHandler
                0x0000000008002784                LTDC_IRQHandler
                0x0000000008002784                ETH_WKUP_IRQHandler
                0x0000000008002784                SPDIF_RX_IRQHandler
                0x0000000008002784                SPI2_IRQHandler
                0x0000000008002784                OTG_HS_EP1_IN_IRQHandler
                0x0000000008002784                DMA1_Stream0_IRQHandler
                0x0000000008002784                CAN1_TX_IRQHandler
                0x0000000008002784                EXTI4_IRQHandler
                0x0000000008002784                RNG_IRQHandler
                0x0000000008002784                ETH_IRQHandler
                0x0000000008002784                OTG_HS_EP1_OUT_IRQHandler
                0x0000000008002784                WWDG_IRQHandler
                0x0000000008002784                SPI6_IRQHandler
                0x0000000008002784                I2C4_EV_IRQHandler
                0x0000000008002784                TIM2_IRQHandler
                0x0000000008002784                OTG_FS_WKUP_IRQHandler
                0x0000000008002784                TIM1_TRG_COM_TIM11_IRQHandler
                0x0000000008002784                OTG_HS_IRQHandler
                0x0000000008002784                DMA2D_IRQHandler
                0x0000000008002784                EXTI1_IRQHandler
                0x0000000008002784                UART7_IRQHandler
                0x0000000008002784                USART2_IRQHandler
                0x0000000008002784                I2C2_ER_IRQHandler
                0x0000000008002784                DMA2_Stream1_IRQHandler
                0x0000000008002784                CAN1_SCE_IRQHandler
                0x0000000008002784                FLASH_IRQHandler
                0x0000000008002784                DMA2_Stream4_IRQHandler
                0x0000000008002784                USART1_IRQHandler
                0x0000000008002784                OTG_FS_IRQHandler
                0x0000000008002784                SPI3_IRQHandler
                0x0000000008002784                DMA1_Stream4_IRQHandler
                0x0000000008002784                I2C1_ER_IRQHandler
                0x0000000008002784                FMC_IRQHandler
                0x0000000008002784                LPTIM1_IRQHandler
                0x0000000008002784                I2C4_ER_IRQHandler
                0x0000000008002784                DMA2_Stream6_IRQHandler
                0x0000000008002784                SAI1_IRQHandler
                0x0000000008002784                DMA1_Stream3_IRQHandler
 .text.HAL_Init
                0x0000000008002786       0x1a ./Drivers/STM32F7xx_HAL_Driver/Src/stm32f7xx_hal.o
                0x0000000008002786                HAL_Init
 .text.HAL_InitTick
                0x00000000080027a0       0x60 ./Drivers/STM32F7xx_HAL_Driver/Src/stm32f7xx_hal.o
                0x00000000080027a0                HAL_InitTick
 .text.HAL_IncTick
                0x0000000008002800       0x28 ./Drivers/STM32F7xx_HAL_Driver/Src/stm32f7xx_hal.o
                0x0000000008002800                HAL_IncTick
 .text.HAL_GetTick
                0x0000000008002828       0x18 ./Drivers/STM32F7xx_HAL_Driver/Src/stm32f7xx_hal.o
                0x0000000008002828                HAL_GetTick
 .text.HAL_Delay
                0x0000000008002840       0x48 ./Drivers/STM32F7xx_HAL_Driver/Src/stm32f7xx_hal.o
                0x0000000008002840                HAL_Delay
 .text.__NVIC_SetPriorityGrouping
                0x0000000008002888       0x48 ./Drivers/STM32F7xx_HAL_Driver/Src/stm32f7xx_hal_cortex.o
 .text.__NVIC_GetPriorityGrouping
                0x00000000080028d0       0x1c ./Drivers/STM32F7xx_HAL_Driver/Src/stm32f7xx_hal_cortex.o
 .text.__NVIC_EnableIRQ
                0x00000000080028ec       0x3c ./Drivers/STM32F7xx_HAL_Driver/Src/stm32f7xx_hal_cortex.o
 .text.__NVIC_SetPriority
                0x0000000008002928       0x54 ./Drivers/STM32F7xx_HAL_Driver/Src/stm32f7xx_hal_cortex.o
 .text.NVIC_EncodePriority
                0x000000000800297c       0x66 ./Drivers/STM32F7xx_HAL_Driver/Src/stm32f7xx_hal_cortex.o
 *fill*         0x00000000080029e2        0x2 
 .text.SysTick_Config
                0x00000000080029e4       0x44 ./Drivers/STM32F7xx_HAL_Driver/Src/stm32f7xx_hal_cortex.o
 .text.HAL_NVIC_SetPriorityGrouping
                0x0000000008002a28       0x16 ./Drivers/STM32F7xx_HAL_Driver/Src/stm32f7xx_hal_cortex.o
                0x0000000008002a28                HAL_NVIC_SetPriorityGrouping
 .text.HAL_NVIC_SetPriority
                0x0000000008002a3e       0x38 ./Drivers/STM32F7xx_HAL_Driver/Src/stm32f7xx_hal_cortex.o
                0x0000000008002a3e                HAL_NVIC_SetPriority
 .text.HAL_NVIC_EnableIRQ
                0x0000000008002a76       0x1c ./Drivers/STM32F7xx_HAL_Driver/Src/stm32f7xx_hal_cortex.o
                0x0000000008002a76                HAL_NVIC_EnableIRQ
 .text.HAL_SYSTICK_Config
                0x0000000008002a92       0x18 ./Drivers/STM32F7xx_HAL_Driver/Src/stm32f7xx_hal_cortex.o
                0x0000000008002a92                HAL_SYSTICK_Config
 .text.HAL_DMA_Abort
                0x0000000008002aaa       0xe0 ./Drivers/STM32F7xx_HAL_Driver/Src/stm32f7xx_hal_dma.o
                0x0000000008002aaa                HAL_DMA_Abort
 .text.HAL_DMA_Abort_IT
                0x0000000008002b8a       0x44 ./Drivers/STM32F7xx_HAL_Driver/Src/stm32f7xx_hal_dma.o
                0x0000000008002b8a                HAL_DMA_Abort_IT
 *fill*         0x0000000008002bce        0x2 
 .text.HAL_GPIO_Init
                0x0000000008002bd0      0x358 ./Drivers/STM32F7xx_HAL_Driver/Src/stm32f7xx_hal_gpio.o
                0x0000000008002bd0                HAL_GPIO_Init
 .text.HAL_GPIO_ReadPin
                0x0000000008002f28       0x30 ./Drivers/STM32F7xx_HAL_Driver/Src/stm32f7xx_hal_gpio.o
                0x0000000008002f28                HAL_GPIO_ReadPin
 .text.HAL_GPIO_WritePin
                0x0000000008002f58       0x32 ./Drivers/STM32F7xx_HAL_Driver/Src/stm32f7xx_hal_gpio.o
                0x0000000008002f58                HAL_GPIO_WritePin
 *fill*         0x0000000008002f8a        0x2 
 .text.HAL_I2C_Init
                0x0000000008002f8c      0x120 ./Drivers/STM32F7xx_HAL_Driver/Src/stm32f7xx_hal_i2c.o
                0x0000000008002f8c                HAL_I2C_Init
 .text.HAL_I2C_Master_Transmit
                0x00000000080030ac      0x1e8 ./Drivers/STM32F7xx_HAL_Driver/Src/stm32f7xx_hal_i2c.o
                0x00000000080030ac                HAL_I2C_Master_Transmit
 .text.I2C_Flush_TXDR
                0x0000000008003294       0x48 ./Drivers/STM32F7xx_HAL_Driver/Src/stm32f7xx_hal_i2c.o
 .text.I2C_WaitOnFlagUntilTimeout
                0x00000000080032dc       0x80 ./Drivers/STM32F7xx_HAL_Driver/Src/stm32f7xx_hal_i2c.o
 .text.I2C_WaitOnTXISFlagUntilTimeout
                0x000000000800335c       0x80 ./Drivers/STM32F7xx_HAL_Driver/Src/stm32f7xx_hal_i2c.o
 .text.I2C_WaitOnSTOPFlagUntilTimeout
                0x00000000080033dc       0x78 ./Drivers/STM32F7xx_HAL_Driver/Src/stm32f7xx_hal_i2c.o
 .text.I2C_IsErrorOccurred
                0x0000000008003454      0x1c0 ./Drivers/STM32F7xx_HAL_Driver/Src/stm32f7xx_hal_i2c.o
 .text.I2C_TransferConfig
                0x0000000008003614       0x64 ./Drivers/STM32F7xx_HAL_Driver/Src/stm32f7xx_hal_i2c.o
 .text.HAL_I2CEx_ConfigAnalogFilter
                0x0000000008003678       0x96 ./Drivers/STM32F7xx_HAL_Driver/Src/stm32f7xx_hal_i2c_ex.o
                0x0000000008003678                HAL_I2CEx_ConfigAnalogFilter
 .text.HAL_I2CEx_ConfigDigitalFilter
                0x000000000800370e       0x98 ./Drivers/STM32F7xx_HAL_Driver/Src/stm32f7xx_hal_i2c_ex.o
                0x000000000800370e                HAL_I2CEx_ConfigDigitalFilter
 *fill*         0x00000000080037a6        0x2 
 .text.HAL_PWR_EnableBkUpAccess
                0x00000000080037a8       0x20 ./Drivers/STM32F7xx_HAL_Driver/Src/stm32f7xx_hal_pwr.o
                0x00000000080037a8                HAL_PWR_EnableBkUpAccess
 .text.HAL_PWREx_EnableOverDrive
                0x00000000080037c8       0xa0 ./Drivers/STM32F7xx_HAL_Driver/Src/stm32f7xx_hal_pwr_ex.o
                0x00000000080037c8                HAL_PWREx_EnableOverDrive
 .text.HAL_RCC_OscConfig
                0x0000000008003868      0x548 ./Drivers/STM32F7xx_HAL_Driver/Src/stm32f7xx_hal_rcc.o
                0x0000000008003868                HAL_RCC_OscConfig
 .text.HAL_RCC_ClockConfig
                0x0000000008003db0      0x1d8 ./Drivers/STM32F7xx_HAL_Driver/Src/stm32f7xx_hal_rcc.o
                0x0000000008003db0                HAL_RCC_ClockConfig
 .text.HAL_RCC_GetSysClockFreq
                0x0000000008003f88      0x20c ./Drivers/STM32F7xx_HAL_Driver/Src/stm32f7xx_hal_rcc.o
                0x0000000008003f88                HAL_RCC_GetSysClockFreq
 .text.HAL_RCC_GetHCLKFreq
                0x0000000008004194       0x18 ./Drivers/STM32F7xx_HAL_Driver/Src/stm32f7xx_hal_rcc.o
                0x0000000008004194                HAL_RCC_GetHCLKFreq
 .text.HAL_RCC_GetPCLK1Freq
                0x00000000080041ac       0x28 ./Drivers/STM32F7xx_HAL_Driver/Src/stm32f7xx_hal_rcc.o
                0x00000000080041ac                HAL_RCC_GetPCLK1Freq
 .text.HAL_RCC_GetPCLK2Freq
                0x00000000080041d4       0x28 ./Drivers/STM32F7xx_HAL_Driver/Src/stm32f7xx_hal_rcc.o
                0x00000000080041d4                HAL_RCC_GetPCLK2Freq
 .text.HAL_RCCEx_PeriphCLKConfig
                0x00000000080041fc      0x7e0 ./Drivers/STM32F7xx_HAL_Driver/Src/stm32f7xx_hal_rcc_ex.o
                0x00000000080041fc                HAL_RCCEx_PeriphCLKConfig
 .text.HAL_TIM_Base_Init
                0x00000000080049dc       0xae ./Drivers/STM32F7xx_HAL_Driver/Src/stm32f7xx_hal_tim.o
                0x00000000080049dc                HAL_TIM_Base_Init
 *fill*         0x0000000008004a8a        0x2 
 .text.HAL_TIM_Base_Start
                0x0000000008004a8c       0xe0 ./Drivers/STM32F7xx_HAL_Driver/Src/stm32f7xx_hal_tim.o
                0x0000000008004a8c                HAL_TIM_Base_Start
 .text.HAL_TIM_Base_Stop
                0x0000000008004b6c       0x4e ./Drivers/STM32F7xx_HAL_Driver/Src/stm32f7xx_hal_tim.o
                0x0000000008004b6c                HAL_TIM_Base_Stop
 .text.HAL_TIM_PWM_Init
                0x0000000008004bba       0xae ./Drivers/STM32F7xx_HAL_Driver/Src/stm32f7xx_hal_tim.o
                0x0000000008004bba                HAL_TIM_PWM_Init
 .text.HAL_TIM_PWM_Start
                0x0000000008004c68      0x1f4 ./Drivers/STM32F7xx_HAL_Driver/Src/stm32f7xx_hal_tim.o
                0x0000000008004c68                HAL_TIM_PWM_Start
 .text.HAL_TIM_IC_Init
                0x0000000008004e5c       0xae ./Drivers/STM32F7xx_HAL_Driver/Src/stm32f7xx_hal_tim.o
                0x0000000008004e5c                HAL_TIM_IC_Init
 .text.HAL_TIM_IC_MspInit
                0x0000000008004f0a       0x14 ./Drivers/STM32F7xx_HAL_Driver/Src/stm32f7xx_hal_tim.o
                0x0000000008004f0a                HAL_TIM_IC_MspInit
 *fill*         0x0000000008004f1e        0x2 
 .text.HAL_TIM_IC_Start_IT
                0x0000000008004f20      0x2a0 ./Drivers/STM32F7xx_HAL_Driver/Src/stm32f7xx_hal_tim.o
                0x0000000008004f20                HAL_TIM_IC_Start_IT
 .text.HAL_TIM_IRQHandler
                0x00000000080051c0      0x23e ./Drivers/STM32F7xx_HAL_Driver/Src/stm32f7xx_hal_tim.o
                0x00000000080051c0                HAL_TIM_IRQHandler
 .text.HAL_TIM_IC_ConfigChannel
                0x00000000080053fe      0x138 ./Drivers/STM32F7xx_HAL_Driver/Src/stm32f7xx_hal_tim.o
                0x00000000080053fe                HAL_TIM_IC_ConfigChannel
 *fill*         0x0000000008005536        0x2 
 .text.HAL_TIM_PWM_ConfigChannel
                0x0000000008005538      0x228 ./Drivers/STM32F7xx_HAL_Driver/Src/stm32f7xx_hal_tim.o
                0x0000000008005538                HAL_TIM_PWM_ConfigChannel
 .text.HAL_TIM_ConfigClockSource
                0x0000000008005760      0x194 ./Drivers/STM32F7xx_HAL_Driver/Src/stm32f7xx_hal_tim.o
                0x0000000008005760                HAL_TIM_ConfigClockSource
 .text.HAL_TIM_SlaveConfigSynchro
                0x00000000080058f4       0x84 ./Drivers/STM32F7xx_HAL_Driver/Src/stm32f7xx_hal_tim.o
                0x00000000080058f4                HAL_TIM_SlaveConfigSynchro
 .text.HAL_TIM_ReadCapturedValue
                0x0000000008005978       0x88 ./Drivers/STM32F7xx_HAL_Driver/Src/stm32f7xx_hal_tim.o
                0x0000000008005978                HAL_TIM_ReadCapturedValue
 .text.HAL_TIM_OC_DelayElapsedCallback
                0x0000000008005a00       0x14 ./Drivers/STM32F7xx_HAL_Driver/Src/stm32f7xx_hal_tim.o
                0x0000000008005a00                HAL_TIM_OC_DelayElapsedCallback
 .text.HAL_TIM_PWM_PulseFinishedCallback
                0x0000000008005a14       0x14 ./Drivers/STM32F7xx_HAL_Driver/Src/stm32f7xx_hal_tim.o
                0x0000000008005a14                HAL_TIM_PWM_PulseFinishedCallback
 .text.HAL_TIM_TriggerCallback
                0x0000000008005a28       0x14 ./Drivers/STM32F7xx_HAL_Driver/Src/stm32f7xx_hal_tim.o
                0x0000000008005a28                HAL_TIM_TriggerCallback
 .text.TIM_Base_SetConfig
                0x0000000008005a3c      0x140 ./Drivers/STM32F7xx_HAL_Driver/Src/stm32f7xx_hal_tim.o
                0x0000000008005a3c                TIM_Base_SetConfig
 .text.TIM_OC1_SetConfig
                0x0000000008005b7c       0xe4 ./Drivers/STM32F7xx_HAL_Driver/Src/stm32f7xx_hal_tim.o
 .text.TIM_OC2_SetConfig
                0x0000000008005c60       0xf0 ./Drivers/STM32F7xx_HAL_Driver/Src/stm32f7xx_hal_tim.o
                0x0000000008005c60                TIM_OC2_SetConfig
 .text.TIM_OC3_SetConfig
                0x0000000008005d50       0xec ./Drivers/STM32F7xx_HAL_Driver/Src/stm32f7xx_hal_tim.o
 .text.TIM_OC4_SetConfig
                0x0000000008005e3c       0xb0 ./Drivers/STM32F7xx_HAL_Driver/Src/stm32f7xx_hal_tim.o
 .text.TIM_OC5_SetConfig
                0x0000000008005eec       0xa4 ./Drivers/STM32F7xx_HAL_Driver/Src/stm32f7xx_hal_tim.o
 .text.TIM_OC6_SetConfig
                0x0000000008005f90       0xa8 ./Drivers/STM32F7xx_HAL_Driver/Src/stm32f7xx_hal_tim.o
 .text.TIM_SlaveTimer_SetConfig
                0x0000000008006038      0x128 ./Drivers/STM32F7xx_HAL_Driver/Src/stm32f7xx_hal_tim.o
 .text.TIM_TI1_SetConfig
                0x0000000008006160       0xe8 ./Drivers/STM32F7xx_HAL_Driver/Src/stm32f7xx_hal_tim.o
                0x0000000008006160                TIM_TI1_SetConfig
 .text.TIM_TI1_ConfigInputStage
                0x0000000008006248       0x5e ./Drivers/STM32F7xx_HAL_Driver/Src/stm32f7xx_hal_tim.o
 .text.TIM_TI2_SetConfig
                0x00000000080062a6       0x7a ./Drivers/STM32F7xx_HAL_Driver/Src/stm32f7xx_hal_tim.o
 .text.TIM_TI2_ConfigInputStage
                0x0000000008006320       0x60 ./Drivers/STM32F7xx_HAL_Driver/Src/stm32f7xx_hal_tim.o
 .text.TIM_TI3_SetConfig
                0x0000000008006380       0x78 ./Drivers/STM32F7xx_HAL_Driver/Src/stm32f7xx_hal_tim.o
 .text.TIM_TI4_SetConfig
                0x00000000080063f8       0x7a ./Drivers/STM32F7xx_HAL_Driver/Src/stm32f7xx_hal_tim.o
 .text.TIM_ITRx_SetConfig
                0x0000000008006472       0x36 ./Drivers/STM32F7xx_HAL_Driver/Src/stm32f7xx_hal_tim.o
 .text.TIM_ETR_SetConfig
                0x00000000080064a8       0x40 ./Drivers/STM32F7xx_HAL_Driver/Src/stm32f7xx_hal_tim.o
                0x00000000080064a8                TIM_ETR_SetConfig
 .text.TIM_CCxChannelCmd
                0x00000000080064e8       0x4a ./Drivers/STM32F7xx_HAL_Driver/Src/stm32f7xx_hal_tim.o
                0x00000000080064e8                TIM_CCxChannelCmd
 *fill*         0x0000000008006532        0x2 
 .text.HAL_TIMEx_MasterConfigSynchronization
                0x0000000008006534      0x11c ./Drivers/STM32F7xx_HAL_Driver/Src/stm32f7xx_hal_tim_ex.o
                0x0000000008006534                HAL_TIMEx_MasterConfigSynchronization
 .text.HAL_TIMEx_CommutCallback
                0x0000000008006650       0x14 ./Drivers/STM32F7xx_HAL_Driver/Src/stm32f7xx_hal_tim_ex.o
                0x0000000008006650                HAL_TIMEx_CommutCallback
 .text.HAL_TIMEx_BreakCallback
                0x0000000008006664       0x14 ./Drivers/STM32F7xx_HAL_Driver/Src/stm32f7xx_hal_tim_ex.o
                0x0000000008006664                HAL_TIMEx_BreakCallback
 .text.HAL_TIMEx_Break2Callback
                0x0000000008006678       0x14 ./Drivers/STM32F7xx_HAL_Driver/Src/stm32f7xx_hal_tim_ex.o
                0x0000000008006678                HAL_TIMEx_Break2Callback
 .text.HAL_UART_Init
                0x000000000800668c       0x9c ./Drivers/STM32F7xx_HAL_Driver/Src/stm32f7xx_hal_uart.o
                0x000000000800668c                HAL_UART_Init
 .text.HAL_UART_Transmit
                0x0000000008006728      0x106 ./Drivers/STM32F7xx_HAL_Driver/Src/stm32f7xx_hal_uart.o
                0x0000000008006728                HAL_UART_Transmit
 .text.HAL_UART_Receive_IT
                0x000000000800682e       0x88 ./Drivers/STM32F7xx_HAL_Driver/Src/stm32f7xx_hal_uart.o
                0x000000000800682e                HAL_UART_Receive_IT
 *fill*         0x00000000080068b6        0x2 
 .text.HAL_UART_IRQHandler
                0x00000000080068b8      0x5a4 ./Drivers/STM32F7xx_HAL_Driver/Src/stm32f7xx_hal_uart.o
                0x00000000080068b8                HAL_UART_IRQHandler
 .text.HAL_UART_TxCpltCallback
                0x0000000008006e5c       0x14 ./Drivers/STM32F7xx_HAL_Driver/Src/stm32f7xx_hal_uart.o
                0x0000000008006e5c                HAL_UART_TxCpltCallback
 .text.HAL_UART_ErrorCallback
                0x0000000008006e70       0x14 ./Drivers/STM32F7xx_HAL_Driver/Src/stm32f7xx_hal_uart.o
                0x0000000008006e70                HAL_UART_ErrorCallback
 .text.HAL_UARTEx_RxEventCallback
                0x0000000008006e84       0x18 ./Drivers/STM32F7xx_HAL_Driver/Src/stm32f7xx_hal_uart.o
                0x0000000008006e84                HAL_UARTEx_RxEventCallback
 .text.UART_SetConfig
                0x0000000008006e9c      0x4c8 ./Drivers/STM32F7xx_HAL_Driver/Src/stm32f7xx_hal_uart.o
                0x0000000008006e9c                UART_SetConfig
 .text.UART_AdvFeatureConfig
                0x0000000008007364      0x144 ./Drivers/STM32F7xx_HAL_Driver/Src/stm32f7xx_hal_uart.o
                0x0000000008007364                UART_AdvFeatureConfig
 .text.UART_CheckIdleState
                0x00000000080074a8       0x6e ./Drivers/STM32F7xx_HAL_Driver/Src/stm32f7xx_hal_uart.o
                0x00000000080074a8                UART_CheckIdleState
 .text.UART_WaitOnFlagUntilTimeout
                0x0000000008007516      0x18c ./Drivers/STM32F7xx_HAL_Driver/Src/stm32f7xx_hal_uart.o
                0x0000000008007516                UART_WaitOnFlagUntilTimeout
 *fill*         0x00000000080076a2        0x2 
 .text.UART_Start_Receive_IT
                0x00000000080076a4      0x18c ./Drivers/STM32F7xx_HAL_Driver/Src/stm32f7xx_hal_uart.o
                0x00000000080076a4                UART_Start_Receive_IT
 .text.UART_EndRxTransfer
                0x0000000008007830       0xc8 ./Drivers/STM32F7xx_HAL_Driver/Src/stm32f7xx_hal_uart.o
 .text.UART_DMAAbortOnError
                0x00000000080078f8       0x2c ./Drivers/STM32F7xx_HAL_Driver/Src/stm32f7xx_hal_uart.o
 .text.UART_EndTransmit_IT
                0x0000000008007924       0x54 ./Drivers/STM32F7xx_HAL_Driver/Src/stm32f7xx_hal_uart.o
 .text.UART_RxISR_8BIT
                0x0000000008007978      0x166 ./Drivers/STM32F7xx_HAL_Driver/Src/stm32f7xx_hal_uart.o
 .text.UART_RxISR_16BIT
                0x0000000008007ade      0x166 ./Drivers/STM32F7xx_HAL_Driver/Src/stm32f7xx_hal_uart.o
 .text.atoi     0x0000000008007c44        0x8 D:/Studia/5th_semester/stm32_IDE/STM32CubeIDE_1.13.2/STM32CubeIDE/plugins/com.st.stm32cube.ide.mcu.externaltools.gnu-tools-for-stm32.11.3.rel1.win32_1.1.1.202309131626/tools/bin/../lib/gcc/arm-none-eabi/11.3.1/../../../../arm-none-eabi/lib/thumb/v7e-m+fp/hard\libc_nano.a(libc_a-atoi.o)
                0x0000000008007c44                atoi
 .text._strtol_l.constprop.0
                0x0000000008007c4c      0x104 D:/Studia/5th_semester/stm32_IDE/STM32CubeIDE_1.13.2/STM32CubeIDE/plugins/com.st.stm32cube.ide.mcu.externaltools.gnu-tools-for-stm32.11.3.rel1.win32_1.1.1.202309131626/tools/bin/../lib/gcc/arm-none-eabi/11.3.1/../../../../arm-none-eabi/lib/thumb/v7e-m+fp/hard\libc_nano.a(libc_a-strtol.o)
 .text.strtol   0x0000000008007d50       0x14 D:/Studia/5th_semester/stm32_IDE/STM32CubeIDE_1.13.2/STM32CubeIDE/plugins/com.st.stm32cube.ide.mcu.externaltools.gnu-tools-for-stm32.11.3.rel1.win32_1.1.1.202309131626/tools/bin/../lib/gcc/arm-none-eabi/11.3.1/../../../../arm-none-eabi/lib/thumb/v7e-m+fp/hard\libc_nano.a(libc_a-strtol.o)
                0x0000000008007d50                strtol
 .text.sprintf  0x0000000008007d64       0x40 D:/Studia/5th_semester/stm32_IDE/STM32CubeIDE_1.13.2/STM32CubeIDE/plugins/com.st.stm32cube.ide.mcu.externaltools.gnu-tools-for-stm32.11.3.rel1.win32_1.1.1.202309131626/tools/bin/../lib/gcc/arm-none-eabi/11.3.1/../../../../arm-none-eabi/lib/thumb/v7e-m+fp/hard\libc_nano.a(libc_a-sprintf.o)
                0x0000000008007d64                siprintf
                0x0000000008007d64                sprintf
 .text.memset   0x0000000008007da4       0x10 D:/Studia/5th_semester/stm32_IDE/STM32CubeIDE_1.13.2/STM32CubeIDE/plugins/com.st.stm32cube.ide.mcu.externaltools.gnu-tools-for-stm32.11.3.rel1.win32_1.1.1.202309131626/tools/bin/../lib/gcc/arm-none-eabi/11.3.1/../../../../arm-none-eabi/lib/thumb/v7e-m+fp/hard\libc_nano.a(libc_a-memset.o)
                0x0000000008007da4                memset
 .text.__errno  0x0000000008007db4        0xc D:/Studia/5th_semester/stm32_IDE/STM32CubeIDE_1.13.2/STM32CubeIDE/plugins/com.st.stm32cube.ide.mcu.externaltools.gnu-tools-for-stm32.11.3.rel1.win32_1.1.1.202309131626/tools/bin/../lib/gcc/arm-none-eabi/11.3.1/../../../../arm-none-eabi/lib/thumb/v7e-m+fp/hard\libc_nano.a(libc_a-errno.o)
                0x0000000008007db4                __errno
 .text.__libc_init_array
                0x0000000008007dc0       0x48 D:/Studia/5th_semester/stm32_IDE/STM32CubeIDE_1.13.2/STM32CubeIDE/plugins/com.st.stm32cube.ide.mcu.externaltools.gnu-tools-for-stm32.11.3.rel1.win32_1.1.1.202309131626/tools/bin/../lib/gcc/arm-none-eabi/11.3.1/../../../../arm-none-eabi/lib/thumb/v7e-m+fp/hard\libc_nano.a(libc_a-init.o)
                0x0000000008007dc0                __libc_init_array
 .text.__retarget_lock_acquire_recursive
                0x0000000008007e08        0x2 D:/Studia/5th_semester/stm32_IDE/STM32CubeIDE_1.13.2/STM32CubeIDE/plugins/com.st.stm32cube.ide.mcu.externaltools.gnu-tools-for-stm32.11.3.rel1.win32_1.1.1.202309131626/tools/bin/../lib/gcc/arm-none-eabi/11.3.1/../../../../arm-none-eabi/lib/thumb/v7e-m+fp/hard\libc_nano.a(libc_a-lock.o)
                0x0000000008007e08                __retarget_lock_acquire_recursive
 .text.__retarget_lock_release_recursive
                0x0000000008007e0a        0x2 D:/Studia/5th_semester/stm32_IDE/STM32CubeIDE_1.13.2/STM32CubeIDE/plugins/com.st.stm32cube.ide.mcu.externaltools.gnu-tools-for-stm32.11.3.rel1.win32_1.1.1.202309131626/tools/bin/../lib/gcc/arm-none-eabi/11.3.1/../../../../arm-none-eabi/lib/thumb/v7e-m+fp/hard\libc_nano.a(libc_a-lock.o)
                0x0000000008007e0a                __retarget_lock_release_recursive
 .text.memcpy   0x0000000008007e0c       0x1c D:/Studia/5th_semester/stm32_IDE/STM32CubeIDE_1.13.2/STM32CubeIDE/plugins/com.st.stm32cube.ide.mcu.externaltools.gnu-tools-for-stm32.11.3.rel1.win32_1.1.1.202309131626/tools/bin/../lib/gcc/arm-none-eabi/11.3.1/../../../../arm-none-eabi/lib/thumb/v7e-m+fp/hard\libc_nano.a(libc_a-memcpy-stub.o)
                0x0000000008007e0c                memcpy
 .text._free_r  0x0000000008007e28       0x98 D:/Studia/5th_semester/stm32_IDE/STM32CubeIDE_1.13.2/STM32CubeIDE/plugins/com.st.stm32cube.ide.mcu.externaltools.gnu-tools-for-stm32.11.3.rel1.win32_1.1.1.202309131626/tools/bin/../lib/gcc/arm-none-eabi/11.3.1/../../../../arm-none-eabi/lib/thumb/v7e-m+fp/hard\libc_nano.a(libc_a-freer.o)
                0x0000000008007e28                _free_r
 .text.sbrk_aligned
                0x0000000008007ec0       0x40 D:/Studia/5th_semester/stm32_IDE/STM32CubeIDE_1.13.2/STM32CubeIDE/plugins/com.st.stm32cube.ide.mcu.externaltools.gnu-tools-for-stm32.11.3.rel1.win32_1.1.1.202309131626/tools/bin/../lib/gcc/arm-none-eabi/11.3.1/../../../../arm-none-eabi/lib/thumb/v7e-m+fp/hard\libc_nano.a(libc_a-mallocr.o)
 .text._malloc_r
                0x0000000008007f00      0x100 D:/Studia/5th_semester/stm32_IDE/STM32CubeIDE_1.13.2/STM32CubeIDE/plugins/com.st.stm32cube.ide.mcu.externaltools.gnu-tools-for-stm32.11.3.rel1.win32_1.1.1.202309131626/tools/bin/../lib/gcc/arm-none-eabi/11.3.1/../../../../arm-none-eabi/lib/thumb/v7e-m+fp/hard\libc_nano.a(libc_a-mallocr.o)
                0x0000000008007f00                _malloc_r
 .text.__malloc_lock
                0x0000000008008000        0xc D:/Studia/5th_semester/stm32_IDE/STM32CubeIDE_1.13.2/STM32CubeIDE/plugins/com.st.stm32cube.ide.mcu.externaltools.gnu-tools-for-stm32.11.3.rel1.win32_1.1.1.202309131626/tools/bin/../lib/gcc/arm-none-eabi/11.3.1/../../../../arm-none-eabi/lib/thumb/v7e-m+fp/hard\libc_nano.a(libc_a-mlock.o)
                0x0000000008008000                __malloc_lock
 .text.__malloc_unlock
                0x000000000800800c        0xc D:/Studia/5th_semester/stm32_IDE/STM32CubeIDE_1.13.2/STM32CubeIDE/plugins/com.st.stm32cube.ide.mcu.externaltools.gnu-tools-for-stm32.11.3.rel1.win32_1.1.1.202309131626/tools/bin/../lib/gcc/arm-none-eabi/11.3.1/../../../../arm-none-eabi/lib/thumb/v7e-m+fp/hard\libc_nano.a(libc_a-mlock.o)
                0x000000000800800c                __malloc_unlock
 .text.__ssputs_r
                0x0000000008008018       0xb4 D:/Studia/5th_semester/stm32_IDE/STM32CubeIDE_1.13.2/STM32CubeIDE/plugins/com.st.stm32cube.ide.mcu.externaltools.gnu-tools-for-stm32.11.3.rel1.win32_1.1.1.202309131626/tools/bin/../lib/gcc/arm-none-eabi/11.3.1/../../../../arm-none-eabi/lib/thumb/v7e-m+fp/hard\libc_nano.a(libc_a-nano-svfprintf.o)
                0x0000000008008018                __ssputs_r
 .text._svfprintf_r
                0x00000000080080cc      0x1fc D:/Studia/5th_semester/stm32_IDE/STM32CubeIDE_1.13.2/STM32CubeIDE/plugins/com.st.stm32cube.ide.mcu.externaltools.gnu-tools-for-stm32.11.3.rel1.win32_1.1.1.202309131626/tools/bin/../lib/gcc/arm-none-eabi/11.3.1/../../../../arm-none-eabi/lib/thumb/v7e-m+fp/hard\libc_nano.a(libc_a-nano-svfprintf.o)
                0x00000000080080cc                _svfiprintf_r
                0x00000000080080cc                _svfprintf_r
 .text._printf_common
                0x00000000080082c8       0xda D:/Studia/5th_semester/stm32_IDE/STM32CubeIDE_1.13.2/STM32CubeIDE/plugins/com.st.stm32cube.ide.mcu.externaltools.gnu-tools-for-stm32.11.3.rel1.win32_1.1.1.202309131626/tools/bin/../lib/gcc/arm-none-eabi/11.3.1/../../../../arm-none-eabi/lib/thumb/v7e-m+fp/hard\libc_nano.a(libc_a-nano-vfprintf_i.o)
                0x00000000080082c8                _printf_common
 *fill*         0x00000000080083a2        0x2 
 .text._printf_i
                0x00000000080083a4      0x244 D:/Studia/5th_semester/stm32_IDE/STM32CubeIDE_1.13.2/STM32CubeIDE/plugins/com.st.stm32cube.ide.mcu.externaltools.gnu-tools-for-stm32.11.3.rel1.win32_1.1.1.202309131626/tools/bin/../lib/gcc/arm-none-eabi/11.3.1/../../../../arm-none-eabi/lib/thumb/v7e-m+fp/hard\libc_nano.a(libc_a-nano-vfprintf_i.o)
                0x00000000080083a4                _printf_i
 .text.memmove  0x00000000080085e8       0x34 D:/Studia/5th_semester/stm32_IDE/STM32CubeIDE_1.13.2/STM32CubeIDE/plugins/com.st.stm32cube.ide.mcu.externaltools.gnu-tools-for-stm32.11.3.rel1.win32_1.1.1.202309131626/tools/bin/../lib/gcc/arm-none-eabi/11.3.1/../../../../arm-none-eabi/lib/thumb/v7e-m+fp/hard\libc_nano.a(libc_a-memmove.o)
                0x00000000080085e8                memmove
 .text._sbrk_r  0x000000000800861c       0x20 D:/Studia/5th_semester/stm32_IDE/STM32CubeIDE_1.13.2/STM32CubeIDE/plugins/com.st.stm32cube.ide.mcu.externaltools.gnu-tools-for-stm32.11.3.rel1.win32_1.1.1.202309131626/tools/bin/../lib/gcc/arm-none-eabi/11.3.1/../../../../arm-none-eabi/lib/thumb/v7e-m+fp/hard\libc_nano.a(libc_a-sbrkr.o)
                0x000000000800861c                _sbrk_r
 .text._realloc_r
                0x000000000800863c       0x5e D:/Studia/5th_semester/stm32_IDE/STM32CubeIDE_1.13.2/STM32CubeIDE/plugins/com.st.stm32cube.ide.mcu.externaltools.gnu-tools-for-stm32.11.3.rel1.win32_1.1.1.202309131626/tools/bin/../lib/gcc/arm-none-eabi/11.3.1/../../../../arm-none-eabi/lib/thumb/v7e-m+fp/hard\libc_nano.a(libc_a-reallocr.o)
                0x000000000800863c                _realloc_r
 .text._malloc_usable_size_r
                0x000000000800869a       0x10 D:/Studia/5th_semester/stm32_IDE/STM32CubeIDE_1.13.2/STM32CubeIDE/plugins/com.st.stm32cube.ide.mcu.externaltools.gnu-tools-for-stm32.11.3.rel1.win32_1.1.1.202309131626/tools/bin/../lib/gcc/arm-none-eabi/11.3.1/../../../../arm-none-eabi/lib/thumb/v7e-m+fp/hard\libc_nano.a(libc_a-msizer.o)
                0x000000000800869a                _malloc_usable_size_r
 .text.fmaxf    0x00000000080086aa       0x36 D:/Studia/5th_semester/stm32_IDE/STM32CubeIDE_1.13.2/STM32CubeIDE/plugins/com.st.stm32cube.ide.mcu.externaltools.gnu-tools-for-stm32.11.3.rel1.win32_1.1.1.202309131626/tools/bin/../lib/gcc/arm-none-eabi/11.3.1/../../../../arm-none-eabi/lib/thumb/v7e-m+fp/hard\libm.a(libm_a-sf_fmax.o)
                0x00000000080086aa                fmaxf
 .text.fminf    0x00000000080086e0       0x36 D:/Studia/5th_semester/stm32_IDE/STM32CubeIDE_1.13.2/STM32CubeIDE/plugins/com.st.stm32cube.ide.mcu.externaltools.gnu-tools-for-stm32.11.3.rel1.win32_1.1.1.202309131626/tools/bin/../lib/gcc/arm-none-eabi/11.3.1/../../../../arm-none-eabi/lib/thumb/v7e-m+fp/hard\libm.a(libm_a-sf_fmin.o)
                0x00000000080086e0                fminf
 *fill*         0x0000000008008716        0x2 
 .text.__fpclassifyf
                0x0000000008008718       0x38 D:/Studia/5th_semester/stm32_IDE/STM32CubeIDE_1.13.2/STM32CubeIDE/plugins/com.st.stm32cube.ide.mcu.externaltools.gnu-tools-for-stm32.11.3.rel1.win32_1.1.1.202309131626/tools/bin/../lib/gcc/arm-none-eabi/11.3.1/../../../../arm-none-eabi/lib/thumb/v7e-m+fp/hard\libm.a(libm_a-sf_fpclassify.o)
                0x0000000008008718                __fpclassifyf
 *(.glue_7)
 .glue_7        0x0000000008008750        0x0 linker stubs
 *(.glue_7t)
 .glue_7t       0x0000000008008750        0x0 linker stubs
 *(.eh_frame)
 .eh_frame      0x0000000008008750        0x0 D:/Studia/5th_semester/stm32_IDE/STM32CubeIDE_1.13.2/STM32CubeIDE/plugins/com.st.stm32cube.ide.mcu.externaltools.gnu-tools-for-stm32.11.3.rel1.win32_1.1.1.202309131626/tools/bin/../lib/gcc/arm-none-eabi/11.3.1/thumb/v7e-m+fp/hard/crtbegin.o
 *(.init)
 .init          0x0000000008008750        0x4 D:/Studia/5th_semester/stm32_IDE/STM32CubeIDE_1.13.2/STM32CubeIDE/plugins/com.st.stm32cube.ide.mcu.externaltools.gnu-tools-for-stm32.11.3.rel1.win32_1.1.1.202309131626/tools/bin/../lib/gcc/arm-none-eabi/11.3.1/thumb/v7e-m+fp/hard/crti.o
                0x0000000008008750                _init
 .init          0x0000000008008754        0x8 D:/Studia/5th_semester/stm32_IDE/STM32CubeIDE_1.13.2/STM32CubeIDE/plugins/com.st.stm32cube.ide.mcu.externaltools.gnu-tools-for-stm32.11.3.rel1.win32_1.1.1.202309131626/tools/bin/../lib/gcc/arm-none-eabi/11.3.1/thumb/v7e-m+fp/hard/crtn.o
 *(.fini)
 .fini          0x000000000800875c        0x4 D:/Studia/5th_semester/stm32_IDE/STM32CubeIDE_1.13.2/STM32CubeIDE/plugins/com.st.stm32cube.ide.mcu.externaltools.gnu-tools-for-stm32.11.3.rel1.win32_1.1.1.202309131626/tools/bin/../lib/gcc/arm-none-eabi/11.3.1/thumb/v7e-m+fp/hard/crti.o
                0x000000000800875c                _fini
 .fini          0x0000000008008760        0x8 D:/Studia/5th_semester/stm32_IDE/STM32CubeIDE_1.13.2/STM32CubeIDE/plugins/com.st.stm32cube.ide.mcu.externaltools.gnu-tools-for-stm32.11.3.rel1.win32_1.1.1.202309131626/tools/bin/../lib/gcc/arm-none-eabi/11.3.1/thumb/v7e-m+fp/hard/crtn.o
                0x0000000008008768                . = ALIGN (0x4)
                0x0000000008008768                _etext = .

.vfp11_veneer   0x0000000008008768        0x0
 .vfp11_veneer  0x0000000008008768        0x0 linker stubs

.v4_bx          0x0000000008008768        0x0
 .v4_bx         0x0000000008008768        0x0 linker stubs

.iplt           0x0000000008008768        0x0
 .iplt          0x0000000008008768        0x0 D:/Studia/5th_semester/stm32_IDE/STM32CubeIDE_1.13.2/STM32CubeIDE/plugins/com.st.stm32cube.ide.mcu.externaltools.gnu-tools-for-stm32.11.3.rel1.win32_1.1.1.202309131626/tools/bin/../lib/gcc/arm-none-eabi/11.3.1/thumb/v7e-m+fp/hard/crtbegin.o

.rodata         0x0000000008008768      0x278
                0x0000000008008768                . = ALIGN (0x4)
 *(.rodata)
 .rodata        0x0000000008008768        0xb ./Components/Src/lcd.o
 *fill*         0x0000000008008773        0x1 
 .rodata        0x0000000008008774      0x10c ./Core/Src/main.o
 *(.rodata*)
 .rodata.KEYPAD_LOOKUP_TABLE
                0x0000000008008880       0x10 ./Components/Src/Keypad.o
                0x0000000008008880                KEYPAD_LOOKUP_TABLE
 .rodata.LCD_ROW_16
                0x0000000008008890        0x4 ./Components/Src/lcd.o
                0x0000000008008890                LCD_ROW_16
 .rodata.AHBPrescTable
                0x0000000008008894       0x10 ./Core/Src/system_stm32f7xx.o
                0x0000000008008894                AHBPrescTable
 .rodata.APBPrescTable
                0x00000000080088a4        0x8 ./Core/Src/system_stm32f7xx.o
                0x00000000080088a4                APBPrescTable
 .rodata._ctype_
                0x00000000080088ac      0x101 D:/Studia/5th_semester/stm32_IDE/STM32CubeIDE_1.13.2/STM32CubeIDE/plugins/com.st.stm32cube.ide.mcu.externaltools.gnu-tools-for-stm32.11.3.rel1.win32_1.1.1.202309131626/tools/bin/../lib/gcc/arm-none-eabi/11.3.1/../../../../arm-none-eabi/lib/thumb/v7e-m+fp/hard\libc_nano.a(libc_a-ctype_.o)
                0x00000000080088ac                _ctype_
 .rodata._svfprintf_r.str1.1
                0x00000000080089ad       0x11 D:/Studia/5th_semester/stm32_IDE/STM32CubeIDE_1.13.2/STM32CubeIDE/plugins/com.st.stm32cube.ide.mcu.externaltools.gnu-tools-for-stm32.11.3.rel1.win32_1.1.1.202309131626/tools/bin/../lib/gcc/arm-none-eabi/11.3.1/../../../../arm-none-eabi/lib/thumb/v7e-m+fp/hard\libc_nano.a(libc_a-nano-svfprintf.o)
 .rodata._printf_i.str1.1
                0x00000000080089be       0x22 D:/Studia/5th_semester/stm32_IDE/STM32CubeIDE_1.13.2/STM32CubeIDE/plugins/com.st.stm32cube.ide.mcu.externaltools.gnu-tools-for-stm32.11.3.rel1.win32_1.1.1.202309131626/tools/bin/../lib/gcc/arm-none-eabi/11.3.1/../../../../arm-none-eabi/lib/thumb/v7e-m+fp/hard\libc_nano.a(libc_a-nano-vfprintf_i.o)
                0x00000000080089e0                . = ALIGN (0x4)

.ARM.extab      0x00000000080089e0        0x0
                0x00000000080089e0                . = ALIGN (0x4)
 *(.ARM.extab* .gnu.linkonce.armextab.*)
                0x00000000080089e0                . = ALIGN (0x4)

.ARM            0x00000000080089e0        0x8
                0x00000000080089e0                . = ALIGN (0x4)
                0x00000000080089e0                __exidx_start = .
 *(.ARM.exidx*)
 .ARM.exidx     0x00000000080089e0        0x8 D:/Studia/5th_semester/stm32_IDE/STM32CubeIDE_1.13.2/STM32CubeIDE/plugins/com.st.stm32cube.ide.mcu.externaltools.gnu-tools-for-stm32.11.3.rel1.win32_1.1.1.202309131626/tools/bin/../lib/gcc/arm-none-eabi/11.3.1/thumb/v7e-m+fp/hard\libgcc.a(_udivmoddi4.o)
                0x00000000080089e8                __exidx_end = .
                0x00000000080089e8                . = ALIGN (0x4)

.rel.dyn        0x00000000080089e8        0x0
 .rel.iplt      0x00000000080089e8        0x0 D:/Studia/5th_semester/stm32_IDE/STM32CubeIDE_1.13.2/STM32CubeIDE/plugins/com.st.stm32cube.ide.mcu.externaltools.gnu-tools-for-stm32.11.3.rel1.win32_1.1.1.202309131626/tools/bin/../lib/gcc/arm-none-eabi/11.3.1/thumb/v7e-m+fp/hard/crtbegin.o

.preinit_array  0x00000000080089e8        0x0
                0x00000000080089e8                . = ALIGN (0x4)
                0x00000000080089e8                PROVIDE (__preinit_array_start = .)
 *(.preinit_array*)
                0x00000000080089e8                PROVIDE (__preinit_array_end = .)
                0x00000000080089e8                . = ALIGN (0x4)

.init_array     0x00000000080089e8        0x4
                0x00000000080089e8                . = ALIGN (0x4)
                0x00000000080089e8                PROVIDE (__init_array_start = .)
 *(SORT_BY_NAME(.init_array.*))
 *(.init_array*)
 .init_array    0x00000000080089e8        0x4 D:/Studia/5th_semester/stm32_IDE/STM32CubeIDE_1.13.2/STM32CubeIDE/plugins/com.st.stm32cube.ide.mcu.externaltools.gnu-tools-for-stm32.11.3.rel1.win32_1.1.1.202309131626/tools/bin/../lib/gcc/arm-none-eabi/11.3.1/thumb/v7e-m+fp/hard/crtbegin.o
                0x00000000080089ec                PROVIDE (__init_array_end = .)
                0x00000000080089ec                . = ALIGN (0x4)

.fini_array     0x00000000080089ec        0x4
                0x00000000080089ec                . = ALIGN (0x4)
                [!provide]                        PROVIDE (__fini_array_start = .)
 *(SORT_BY_NAME(.fini_array.*))
 *(.fini_array*)
 .fini_array    0x00000000080089ec        0x4 D:/Studia/5th_semester/stm32_IDE/STM32CubeIDE_1.13.2/STM32CubeIDE/plugins/com.st.stm32cube.ide.mcu.externaltools.gnu-tools-for-stm32.11.3.rel1.win32_1.1.1.202309131626/tools/bin/../lib/gcc/arm-none-eabi/11.3.1/thumb/v7e-m+fp/hard/crtbegin.o
                [!provide]                        PROVIDE (__fini_array_end = .)
                0x00000000080089f0                . = ALIGN (0x4)
                0x00000000080089f0                _sidata = LOADADDR (.data)

.data           0x0000000020000000       0x98 load address 0x00000000080089f0
                0x0000000020000000                . = ALIGN (0x4)
                0x0000000020000000                _sdata = .
 *(.data)
 *(.data*)
 .data.kp       0x0000000020000000        0x8 ./Components/Src/PID_controller.o
                0x0000000020000000                kp
 .data.ki       0x0000000020000008        0x8 ./Components/Src/PID_controller.o
                0x0000000020000008                ki
 .data.kd       0x0000000020000010        0x8 ./Components/Src/PID_controller.o
                0x0000000020000010                kd
 .data.hlcd3    0x0000000020000018       0x14 ./Components/Src/lcd_config.o
                0x0000000020000018                hlcd3
 .data.hservo1  0x000000002000002c       0x10 ./Core/Src/main.o
                0x000000002000002c                hservo1
 .data.SystemCoreClock
                0x000000002000003c        0x4 ./Core/Src/system_stm32f7xx.o
                0x000000002000003c                SystemCoreClock
 .data.uwTickPrio
                0x0000000020000040        0x4 ./Drivers/STM32F7xx_HAL_Driver/Src/stm32f7xx_hal.o
                0x0000000020000040                uwTickPrio
 .data.uwTickFreq
                0x0000000020000044        0x1 ./Drivers/STM32F7xx_HAL_Driver/Src/stm32f7xx_hal.o
                0x0000000020000044                uwTickFreq
 *fill*         0x0000000020000045        0x3 
 .data._impure_data
                0x0000000020000048       0x4c D:/Studia/5th_semester/stm32_IDE/STM32CubeIDE_1.13.2/STM32CubeIDE/plugins/com.st.stm32cube.ide.mcu.externaltools.gnu-tools-for-stm32.11.3.rel1.win32_1.1.1.202309131626/tools/bin/../lib/gcc/arm-none-eabi/11.3.1/../../../../arm-none-eabi/lib/thumb/v7e-m+fp/hard\libc_nano.a(libc_a-impure.o)
                0x0000000020000048                _impure_data
 .data._impure_ptr
                0x0000000020000094        0x4 D:/Studia/5th_semester/stm32_IDE/STM32CubeIDE_1.13.2/STM32CubeIDE/plugins/com.st.stm32cube.ide.mcu.externaltools.gnu-tools-for-stm32.11.3.rel1.win32_1.1.1.202309131626/tools/bin/../lib/gcc/arm-none-eabi/11.3.1/../../../../arm-none-eabi/lib/thumb/v7e-m+fp/hard\libc_nano.a(libc_a-impure.o)
                0x0000000020000094                _impure_ptr
 *(.RamFunc)
 *(.RamFunc*)
                0x0000000020000098                . = ALIGN (0x4)
                0x0000000020000098                _edata = .

.igot.plt       0x0000000020000098        0x0 load address 0x0000000008008a88
 .igot.plt      0x0000000020000098        0x0 D:/Studia/5th_semester/stm32_IDE/STM32CubeIDE_1.13.2/STM32CubeIDE/plugins/com.st.stm32cube.ide.mcu.externaltools.gnu-tools-for-stm32.11.3.rel1.win32_1.1.1.202309131626/tools/bin/../lib/gcc/arm-none-eabi/11.3.1/thumb/v7e-m+fp/hard/crtbegin.o
                0x0000000020000098                . = ALIGN (0x4)

.bss            0x0000000020000098      0x420 load address 0x0000000008008a88
                0x0000000020000098                _sbss = .
                0x0000000020000098                __bss_start__ = _sbss
 *(.bss)
 .bss           0x0000000020000098       0x1c D:/Studia/5th_semester/stm32_IDE/STM32CubeIDE_1.13.2/STM32CubeIDE/plugins/com.st.stm32cube.ide.mcu.externaltools.gnu-tools-for-stm32.11.3.rel1.win32_1.1.1.202309131626/tools/bin/../lib/gcc/arm-none-eabi/11.3.1/thumb/v7e-m+fp/hard/crtbegin.o
 *(.bss*)
 .bss.valuesReceived.0
                0x00000000200000b4        0x4 ./Components/Src/Keypad.o
 .bss.toError.1
                0x00000000200000b8        0x8 ./Components/Src/PID_controller.o
 .bss.priError.0
                0x00000000200000c0        0x8 ./Components/Src/PID_controller.o
 .bss.__lcd_i2c_buffer
                0x00000000200000c8        0x6 ./Components/Src/lcd.o
                0x00000000200000c8                __lcd_i2c_buffer
 *fill*         0x00000000200000ce        0x2 
 .bss.hi2c1     0x00000000200000d0       0x54 ./Core/Src/i2c.o
                0x00000000200000d0                hi2c1
 .bss.dx_cm     0x0000000020000124        0x4 ./Core/Src/main.o
                0x0000000020000124                dx_cm
 .bss.dx_cm2    0x0000000020000128        0x4 ./Core/Src/main.o
                0x0000000020000128                dx_cm2
 .bss.position  0x000000002000012c        0x4 ./Core/Src/main.o
                0x000000002000012c                position
 .bss.setP      0x0000000020000130        0x4 ./Core/Src/main.o
                0x0000000020000130                setP
 .bss.KeyPad_Buffer
                0x0000000020000134        0x2 ./Core/Src/main.o
                0x0000000020000134                KeyPad_Buffer
 *fill*         0x0000000020000136        0x2 
 .bss.distance_sensor
                0x0000000020000138       0x10 ./Core/Src/main.o
                0x0000000020000138                distance_sensor
 .bss.distance_sensor2
                0x0000000020000148       0x10 ./Core/Src/main.o
                0x0000000020000148                distance_sensor2
 .bss.rxBuffer  0x0000000020000158        0x2 ./Core/Src/main.o
                0x0000000020000158                rxBuffer
 *fill*         0x000000002000015a        0x2 
 .bss.position_buffer
                0x000000002000015c        0x5 ./Core/Src/main.o
                0x000000002000015c                position_buffer
 *fill*         0x0000000020000161        0x3 
 .bss.__sbrk_heap_end
                0x0000000020000164        0x4 ./Core/Src/sysmem.o
 .bss.htim1     0x0000000020000168       0x4c ./Core/Src/tim.o
                0x0000000020000168                htim1
 .bss.htim2     0x00000000200001b4       0x4c ./Core/Src/tim.o
                0x00000000200001b4                htim2
 .bss.htim3     0x0000000020000200       0x4c ./Core/Src/tim.o
                0x0000000020000200                htim3
 .bss.htim7     0x000000002000024c       0x4c ./Core/Src/tim.o
                0x000000002000024c                htim7
 .bss.htim9     0x0000000020000298       0x4c ./Core/Src/tim.o
                0x0000000020000298                htim9
 .bss.huart3    0x00000000200002e4       0x88 ./Core/Src/usart.o
                0x00000000200002e4                huart3
 .bss.uwTick    0x000000002000036c        0x4 ./Drivers/STM32F7xx_HAL_Driver/Src/stm32f7xx_hal.o
                0x000000002000036c                uwTick
 .bss.__sf      0x0000000020000370      0x138 D:/Studia/5th_semester/stm32_IDE/STM32CubeIDE_1.13.2/STM32CubeIDE/plugins/com.st.stm32cube.ide.mcu.externaltools.gnu-tools-for-stm32.11.3.rel1.win32_1.1.1.202309131626/tools/bin/../lib/gcc/arm-none-eabi/11.3.1/../../../../arm-none-eabi/lib/thumb/v7e-m+fp/hard\libc_nano.a(libc_a-findfp.o)
                0x0000000020000370                __sf
 .bss.errno     0x00000000200004a8        0x4 D:/Studia/5th_semester/stm32_IDE/STM32CubeIDE_1.13.2/STM32CubeIDE/plugins/com.st.stm32cube.ide.mcu.externaltools.gnu-tools-for-stm32.11.3.rel1.win32_1.1.1.202309131626/tools/bin/../lib/gcc/arm-none-eabi/11.3.1/../../../../arm-none-eabi/lib/thumb/v7e-m+fp/hard\libc_nano.a(libc_a-reent.o)
                0x00000000200004a8                errno
 .bss.__lock___malloc_recursive_mutex
                0x00000000200004ac        0x1 D:/Studia/5th_semester/stm32_IDE/STM32CubeIDE_1.13.2/STM32CubeIDE/plugins/com.st.stm32cube.ide.mcu.externaltools.gnu-tools-for-stm32.11.3.rel1.win32_1.1.1.202309131626/tools/bin/../lib/gcc/arm-none-eabi/11.3.1/../../../../arm-none-eabi/lib/thumb/v7e-m+fp/hard\libc_nano.a(libc_a-lock.o)
                0x00000000200004ac                __lock___malloc_recursive_mutex
 *fill*         0x00000000200004ad        0x3 
 .bss.__malloc_free_list
                0x00000000200004b0        0x4 D:/Studia/5th_semester/stm32_IDE/STM32CubeIDE_1.13.2/STM32CubeIDE/plugins/com.st.stm32cube.ide.mcu.externaltools.gnu-tools-for-stm32.11.3.rel1.win32_1.1.1.202309131626/tools/bin/../lib/gcc/arm-none-eabi/11.3.1/../../../../arm-none-eabi/lib/thumb/v7e-m+fp/hard\libc_nano.a(libc_a-mallocr.o)
                0x00000000200004b0                __malloc_free_list
 .bss.__malloc_sbrk_start
                0x00000000200004b4        0x4 D:/Studia/5th_semester/stm32_IDE/STM32CubeIDE_1.13.2/STM32CubeIDE/plugins/com.st.stm32cube.ide.mcu.externaltools.gnu-tools-for-stm32.11.3.rel1.win32_1.1.1.202309131626/tools/bin/../lib/gcc/arm-none-eabi/11.3.1/../../../../arm-none-eabi/lib/thumb/v7e-m+fp/hard\libc_nano.a(libc_a-mallocr.o)
                0x00000000200004b4                __malloc_sbrk_start
 *(COMMON)
                0x00000000200004b8                . = ALIGN (0x4)
                0x00000000200004b8                _ebss = .
                0x00000000200004b8                __bss_end__ = _ebss

._user_heap_stack
                0x00000000200004b8      0x600 load address 0x0000000008008a88
                0x00000000200004b8                . = ALIGN (0x8)
                [!provide]                        PROVIDE (end = .)
                0x00000000200004b8                PROVIDE (_end = .)
                0x00000000200006b8                . = (. + _Min_Heap_Size)
 *fill*         0x00000000200004b8      0x200 
                0x0000000020000ab8                . = (. + _Min_Stack_Size)
 *fill*         0x00000000200006b8      0x400 
                0x0000000020000ab8                . = ALIGN (0x8)

/DISCARD/
 libc.a(*)
 libm.a(*)
 libgcc.a(*)

.ARM.attributes
                0x0000000000000000       0x30
 *(.ARM.attributes)
 .ARM.attributes
                0x0000000000000000       0x1e D:/Studia/5th_semester/stm32_IDE/STM32CubeIDE_1.13.2/STM32CubeIDE/plugins/com.st.stm32cube.ide.mcu.externaltools.gnu-tools-for-stm32.11.3.rel1.win32_1.1.1.202309131626/tools/bin/../lib/gcc/arm-none-eabi/11.3.1/thumb/v7e-m+fp/hard/crti.o
 .ARM.attributes
                0x000000000000001e       0x34 D:/Studia/5th_semester/stm32_IDE/STM32CubeIDE_1.13.2/STM32CubeIDE/plugins/com.st.stm32cube.ide.mcu.externaltools.gnu-tools-for-stm32.11.3.rel1.win32_1.1.1.202309131626/tools/bin/../lib/gcc/arm-none-eabi/11.3.1/thumb/v7e-m+fp/hard/crtbegin.o
 .ARM.attributes
                0x0000000000000052       0x34 ./Components/Src/Keypad.o
 .ARM.attributes
                0x0000000000000086       0x34 ./Components/Src/PID_controller.o
 .ARM.attributes
                0x00000000000000ba       0x34 ./Components/Src/Servo.o
 .ARM.attributes
                0x00000000000000ee       0x34 ./Components/Src/btn.o
 .ARM.attributes
                0x0000000000000122       0x34 ./Components/Src/dio.o
 .ARM.attributes
                0x0000000000000156       0x34 ./Components/Src/hcsr04_sensor.o
 .ARM.attributes
                0x000000000000018a       0x34 ./Components/Src/lcd.o
 .ARM.attributes
                0x00000000000001be       0x34 ./Components/Src/lcd_config.o
 .ARM.attributes
                0x00000000000001f2       0x34 ./Components/Src/pwm.o
 .ARM.attributes
                0x0000000000000226       0x34 ./Core/Src/gpio.o
 .ARM.attributes
                0x000000000000025a       0x34 ./Core/Src/i2c.o
 .ARM.attributes
                0x000000000000028e       0x34 ./Core/Src/main.o
 .ARM.attributes
                0x00000000000002c2       0x34 ./Core/Src/stm32f7xx_hal_msp.o
 .ARM.attributes
                0x00000000000002f6       0x34 ./Core/Src/stm32f7xx_it.o
 .ARM.attributes
                0x000000000000032a       0x34 ./Core/Src/sysmem.o
 .ARM.attributes
                0x000000000000035e       0x34 ./Core/Src/system_stm32f7xx.o
 .ARM.attributes
                0x0000000000000392       0x34 ./Core/Src/tim.o
 .ARM.attributes
                0x00000000000003c6       0x34 ./Core/Src/usart.o
 .ARM.attributes
                0x00000000000003fa       0x21 ./Core/Startup/startup_stm32f746zgtx.o
 .ARM.attributes
                0x000000000000041b       0x34 ./Drivers/STM32F7xx_HAL_Driver/Src/stm32f7xx_hal.o
 .ARM.attributes
                0x000000000000044f       0x34 ./Drivers/STM32F7xx_HAL_Driver/Src/stm32f7xx_hal_cortex.o
 .ARM.attributes
                0x0000000000000483       0x34 ./Drivers/STM32F7xx_HAL_Driver/Src/stm32f7xx_hal_dma.o
 .ARM.attributes
                0x00000000000004b7       0x34 ./Drivers/STM32F7xx_HAL_Driver/Src/stm32f7xx_hal_gpio.o
 .ARM.attributes
                0x00000000000004eb       0x34 ./Drivers/STM32F7xx_HAL_Driver/Src/stm32f7xx_hal_i2c.o
 .ARM.attributes
                0x000000000000051f       0x34 ./Drivers/STM32F7xx_HAL_Driver/Src/stm32f7xx_hal_i2c_ex.o
 .ARM.attributes
                0x0000000000000553       0x34 ./Drivers/STM32F7xx_HAL_Driver/Src/stm32f7xx_hal_pwr.o
 .ARM.attributes
                0x0000000000000587       0x34 ./Drivers/STM32F7xx_HAL_Driver/Src/stm32f7xx_hal_pwr_ex.o
 .ARM.attributes
                0x00000000000005bb       0x34 ./Drivers/STM32F7xx_HAL_Driver/Src/stm32f7xx_hal_rcc.o
 .ARM.attributes
                0x00000000000005ef       0x34 ./Drivers/STM32F7xx_HAL_Driver/Src/stm32f7xx_hal_rcc_ex.o
 .ARM.attributes
                0x0000000000000623       0x34 ./Drivers/STM32F7xx_HAL_Driver/Src/stm32f7xx_hal_tim.o
 .ARM.attributes
                0x0000000000000657       0x34 ./Drivers/STM32F7xx_HAL_Driver/Src/stm32f7xx_hal_tim_ex.o
 .ARM.attributes
                0x000000000000068b       0x34 ./Drivers/STM32F7xx_HAL_Driver/Src/stm32f7xx_hal_uart.o
 .ARM.attributes
                0x00000000000006bf       0x34 D:/Studia/5th_semester/stm32_IDE/STM32CubeIDE_1.13.2/STM32CubeIDE/plugins/com.st.stm32cube.ide.mcu.externaltools.gnu-tools-for-stm32.11.3.rel1.win32_1.1.1.202309131626/tools/bin/../lib/gcc/arm-none-eabi/11.3.1/../../../../arm-none-eabi/lib/thumb/v7e-m+fp/hard\libc_nano.a(libc_a-atoi.o)
 .ARM.attributes
                0x00000000000006f3       0x34 D:/Studia/5th_semester/stm32_IDE/STM32CubeIDE_1.13.2/STM32CubeIDE/plugins/com.st.stm32cube.ide.mcu.externaltools.gnu-tools-for-stm32.11.3.rel1.win32_1.1.1.202309131626/tools/bin/../lib/gcc/arm-none-eabi/11.3.1/../../../../arm-none-eabi/lib/thumb/v7e-m+fp/hard\libc_nano.a(libc_a-strtol.o)
 .ARM.attributes
                0x0000000000000727       0x34 D:/Studia/5th_semester/stm32_IDE/STM32CubeIDE_1.13.2/STM32CubeIDE/plugins/com.st.stm32cube.ide.mcu.externaltools.gnu-tools-for-stm32.11.3.rel1.win32_1.1.1.202309131626/tools/bin/../lib/gcc/arm-none-eabi/11.3.1/../../../../arm-none-eabi/lib/thumb/v7e-m+fp/hard\libc_nano.a(libc_a-ctype_.o)
 .ARM.attributes
                0x000000000000075b       0x34 D:/Studia/5th_semester/stm32_IDE/STM32CubeIDE_1.13.2/STM32CubeIDE/plugins/com.st.stm32cube.ide.mcu.externaltools.gnu-tools-for-stm32.11.3.rel1.win32_1.1.1.202309131626/tools/bin/../lib/gcc/arm-none-eabi/11.3.1/../../../../arm-none-eabi/lib/thumb/v7e-m+fp/hard\libc_nano.a(libc_a-findfp.o)
 .ARM.attributes
                0x000000000000078f       0x34 D:/Studia/5th_semester/stm32_IDE/STM32CubeIDE_1.13.2/STM32CubeIDE/plugins/com.st.stm32cube.ide.mcu.externaltools.gnu-tools-for-stm32.11.3.rel1.win32_1.1.1.202309131626/tools/bin/../lib/gcc/arm-none-eabi/11.3.1/../../../../arm-none-eabi/lib/thumb/v7e-m+fp/hard\libc_nano.a(libc_a-sprintf.o)
 .ARM.attributes
                0x00000000000007c3       0x34 D:/Studia/5th_semester/stm32_IDE/STM32CubeIDE_1.13.2/STM32CubeIDE/plugins/com.st.stm32cube.ide.mcu.externaltools.gnu-tools-for-stm32.11.3.rel1.win32_1.1.1.202309131626/tools/bin/../lib/gcc/arm-none-eabi/11.3.1/../../../../arm-none-eabi/lib/thumb/v7e-m+fp/hard\libc_nano.a(libc_a-memset.o)
 .ARM.attributes
                0x00000000000007f7       0x34 D:/Studia/5th_semester/stm32_IDE/STM32CubeIDE_1.13.2/STM32CubeIDE/plugins/com.st.stm32cube.ide.mcu.externaltools.gnu-tools-for-stm32.11.3.rel1.win32_1.1.1.202309131626/tools/bin/../lib/gcc/arm-none-eabi/11.3.1/../../../../arm-none-eabi/lib/thumb/v7e-m+fp/hard\libc_nano.a(libc_a-reent.o)
 .ARM.attributes
                0x000000000000082b       0x34 D:/Studia/5th_semester/stm32_IDE/STM32CubeIDE_1.13.2/STM32CubeIDE/plugins/com.st.stm32cube.ide.mcu.externaltools.gnu-tools-for-stm32.11.3.rel1.win32_1.1.1.202309131626/tools/bin/../lib/gcc/arm-none-eabi/11.3.1/../../../../arm-none-eabi/lib/thumb/v7e-m+fp/hard\libc_nano.a(libc_a-impure.o)
 .ARM.attributes
                0x000000000000085f       0x34 D:/Studia/5th_semester/stm32_IDE/STM32CubeIDE_1.13.2/STM32CubeIDE/plugins/com.st.stm32cube.ide.mcu.externaltools.gnu-tools-for-stm32.11.3.rel1.win32_1.1.1.202309131626/tools/bin/../lib/gcc/arm-none-eabi/11.3.1/../../../../arm-none-eabi/lib/thumb/v7e-m+fp/hard\libc_nano.a(libc_a-errno.o)
 .ARM.attributes
                0x0000000000000893       0x34 D:/Studia/5th_semester/stm32_IDE/STM32CubeIDE_1.13.2/STM32CubeIDE/plugins/com.st.stm32cube.ide.mcu.externaltools.gnu-tools-for-stm32.11.3.rel1.win32_1.1.1.202309131626/tools/bin/../lib/gcc/arm-none-eabi/11.3.1/../../../../arm-none-eabi/lib/thumb/v7e-m+fp/hard\libc_nano.a(libc_a-init.o)
 .ARM.attributes
                0x00000000000008c7       0x34 D:/Studia/5th_semester/stm32_IDE/STM32CubeIDE_1.13.2/STM32CubeIDE/plugins/com.st.stm32cube.ide.mcu.externaltools.gnu-tools-for-stm32.11.3.rel1.win32_1.1.1.202309131626/tools/bin/../lib/gcc/arm-none-eabi/11.3.1/../../../../arm-none-eabi/lib/thumb/v7e-m+fp/hard\libc_nano.a(libc_a-lock.o)
 .ARM.attributes
                0x00000000000008fb       0x34 D:/Studia/5th_semester/stm32_IDE/STM32CubeIDE_1.13.2/STM32CubeIDE/plugins/com.st.stm32cube.ide.mcu.externaltools.gnu-tools-for-stm32.11.3.rel1.win32_1.1.1.202309131626/tools/bin/../lib/gcc/arm-none-eabi/11.3.1/../../../../arm-none-eabi/lib/thumb/v7e-m+fp/hard\libc_nano.a(libc_a-memcpy-stub.o)
 .ARM.attributes
                0x000000000000092f       0x17 D:/Studia/5th_semester/stm32_IDE/STM32CubeIDE_1.13.2/STM32CubeIDE/plugins/com.st.stm32cube.ide.mcu.externaltools.gnu-tools-for-stm32.11.3.rel1.win32_1.1.1.202309131626/tools/bin/../lib/gcc/arm-none-eabi/11.3.1/../../../../arm-none-eabi/lib/thumb/v7e-m+fp/hard\libc_nano.a(libc_a-strlen.o)
 .ARM.attributes
                0x0000000000000946       0x34 D:/Studia/5th_semester/stm32_IDE/STM32CubeIDE_1.13.2/STM32CubeIDE/plugins/com.st.stm32cube.ide.mcu.externaltools.gnu-tools-for-stm32.11.3.rel1.win32_1.1.1.202309131626/tools/bin/../lib/gcc/arm-none-eabi/11.3.1/../../../../arm-none-eabi/lib/thumb/v7e-m+fp/hard\libc_nano.a(libc_a-freer.o)
 .ARM.attributes
                0x000000000000097a       0x34 D:/Studia/5th_semester/stm32_IDE/STM32CubeIDE_1.13.2/STM32CubeIDE/plugins/com.st.stm32cube.ide.mcu.externaltools.gnu-tools-for-stm32.11.3.rel1.win32_1.1.1.202309131626/tools/bin/../lib/gcc/arm-none-eabi/11.3.1/../../../../arm-none-eabi/lib/thumb/v7e-m+fp/hard\libc_nano.a(libc_a-mallocr.o)
 .ARM.attributes
                0x00000000000009ae       0x34 D:/Studia/5th_semester/stm32_IDE/STM32CubeIDE_1.13.2/STM32CubeIDE/plugins/com.st.stm32cube.ide.mcu.externaltools.gnu-tools-for-stm32.11.3.rel1.win32_1.1.1.202309131626/tools/bin/../lib/gcc/arm-none-eabi/11.3.1/../../../../arm-none-eabi/lib/thumb/v7e-m+fp/hard\libc_nano.a(libc_a-mlock.o)
 .ARM.attributes
                0x00000000000009e2       0x34 D:/Studia/5th_semester/stm32_IDE/STM32CubeIDE_1.13.2/STM32CubeIDE/plugins/com.st.stm32cube.ide.mcu.externaltools.gnu-tools-for-stm32.11.3.rel1.win32_1.1.1.202309131626/tools/bin/../lib/gcc/arm-none-eabi/11.3.1/../../../../arm-none-eabi/lib/thumb/v7e-m+fp/hard\libc_nano.a(libc_a-nano-svfprintf.o)
 .ARM.attributes
                0x0000000000000a16       0x34 D:/Studia/5th_semester/stm32_IDE/STM32CubeIDE_1.13.2/STM32CubeIDE/plugins/com.st.stm32cube.ide.mcu.externaltools.gnu-tools-for-stm32.11.3.rel1.win32_1.1.1.202309131626/tools/bin/../lib/gcc/arm-none-eabi/11.3.1/../../../../arm-none-eabi/lib/thumb/v7e-m+fp/hard\libc_nano.a(libc_a-nano-vfprintf_i.o)
 .ARM.attributes
                0x0000000000000a4a       0x34 D:/Studia/5th_semester/stm32_IDE/STM32CubeIDE_1.13.2/STM32CubeIDE/plugins/com.st.stm32cube.ide.mcu.externaltools.gnu-tools-for-stm32.11.3.rel1.win32_1.1.1.202309131626/tools/bin/../lib/gcc/arm-none-eabi/11.3.1/../../../../arm-none-eabi/lib/thumb/v7e-m+fp/hard\libc_nano.a(libc_a-memmove.o)
 .ARM.attributes
                0x0000000000000a7e       0x34 D:/Studia/5th_semester/stm32_IDE/STM32CubeIDE_1.13.2/STM32CubeIDE/plugins/com.st.stm32cube.ide.mcu.externaltools.gnu-tools-for-stm32.11.3.rel1.win32_1.1.1.202309131626/tools/bin/../lib/gcc/arm-none-eabi/11.3.1/../../../../arm-none-eabi/lib/thumb/v7e-m+fp/hard\libc_nano.a(libc_a-sbrkr.o)
 .ARM.attributes
                0x0000000000000ab2       0x1c D:/Studia/5th_semester/stm32_IDE/STM32CubeIDE_1.13.2/STM32CubeIDE/plugins/com.st.stm32cube.ide.mcu.externaltools.gnu-tools-for-stm32.11.3.rel1.win32_1.1.1.202309131626/tools/bin/../lib/gcc/arm-none-eabi/11.3.1/../../../../arm-none-eabi/lib/thumb/v7e-m+fp/hard\libc_nano.a(libc_a-memchr.o)
 .ARM.attributes
                0x0000000000000ace       0x34 D:/Studia/5th_semester/stm32_IDE/STM32CubeIDE_1.13.2/STM32CubeIDE/plugins/com.st.stm32cube.ide.mcu.externaltools.gnu-tools-for-stm32.11.3.rel1.win32_1.1.1.202309131626/tools/bin/../lib/gcc/arm-none-eabi/11.3.1/../../../../arm-none-eabi/lib/thumb/v7e-m+fp/hard\libc_nano.a(libc_a-reallocr.o)
 .ARM.attributes
                0x0000000000000b02       0x34 D:/Studia/5th_semester/stm32_IDE/STM32CubeIDE_1.13.2/STM32CubeIDE/plugins/com.st.stm32cube.ide.mcu.externaltools.gnu-tools-for-stm32.11.3.rel1.win32_1.1.1.202309131626/tools/bin/../lib/gcc/arm-none-eabi/11.3.1/../../../../arm-none-eabi/lib/thumb/v7e-m+fp/hard\libc_nano.a(libc_a-msizer.o)
 .ARM.attributes
                0x0000000000000b36       0x34 D:/Studia/5th_semester/stm32_IDE/STM32CubeIDE_1.13.2/STM32CubeIDE/plugins/com.st.stm32cube.ide.mcu.externaltools.gnu-tools-for-stm32.11.3.rel1.win32_1.1.1.202309131626/tools/bin/../lib/gcc/arm-none-eabi/11.3.1/../../../../arm-none-eabi/lib/thumb/v7e-m+fp/hard\libm.a(libm_a-sf_fmax.o)
 .ARM.attributes
                0x0000000000000b6a       0x34 D:/Studia/5th_semester/stm32_IDE/STM32CubeIDE_1.13.2/STM32CubeIDE/plugins/com.st.stm32cube.ide.mcu.externaltools.gnu-tools-for-stm32.11.3.rel1.win32_1.1.1.202309131626/tools/bin/../lib/gcc/arm-none-eabi/11.3.1/../../../../arm-none-eabi/lib/thumb/v7e-m+fp/hard\libm.a(libm_a-sf_fmin.o)
 .ARM.attributes
                0x0000000000000b9e       0x34 D:/Studia/5th_semester/stm32_IDE/STM32CubeIDE_1.13.2/STM32CubeIDE/plugins/com.st.stm32cube.ide.mcu.externaltools.gnu-tools-for-stm32.11.3.rel1.win32_1.1.1.202309131626/tools/bin/../lib/gcc/arm-none-eabi/11.3.1/../../../../arm-none-eabi/lib/thumb/v7e-m+fp/hard\libm.a(libm_a-sf_fpclassify.o)
 .ARM.attributes
                0x0000000000000bd2       0x1e D:/Studia/5th_semester/stm32_IDE/STM32CubeIDE_1.13.2/STM32CubeIDE/plugins/com.st.stm32cube.ide.mcu.externaltools.gnu-tools-for-stm32.11.3.rel1.win32_1.1.1.202309131626/tools/bin/../lib/gcc/arm-none-eabi/11.3.1/thumb/v7e-m+fp/hard\libgcc.a(_arm_muldf3.o)
 .ARM.attributes
                0x0000000000000bf0       0x1e D:/Studia/5th_semester/stm32_IDE/STM32CubeIDE_1.13.2/STM32CubeIDE/plugins/com.st.stm32cube.ide.mcu.externaltools.gnu-tools-for-stm32.11.3.rel1.win32_1.1.1.202309131626/tools/bin/../lib/gcc/arm-none-eabi/11.3.1/thumb/v7e-m+fp/hard\libgcc.a(_arm_addsubdf3.o)
 .ARM.attributes
                0x0000000000000c0e       0x1e D:/Studia/5th_semester/stm32_IDE/STM32CubeIDE_1.13.2/STM32CubeIDE/plugins/com.st.stm32cube.ide.mcu.externaltools.gnu-tools-for-stm32.11.3.rel1.win32_1.1.1.202309131626/tools/bin/../lib/gcc/arm-none-eabi/11.3.1/thumb/v7e-m+fp/hard\libgcc.a(_arm_truncdfsf2.o)
 .ARM.attributes
                0x0000000000000c2c       0x1e D:/Studia/5th_semester/stm32_IDE/STM32CubeIDE_1.13.2/STM32CubeIDE/plugins/com.st.stm32cube.ide.mcu.externaltools.gnu-tools-for-stm32.11.3.rel1.win32_1.1.1.202309131626/tools/bin/../lib/gcc/arm-none-eabi/11.3.1/thumb/v7e-m+fp/hard\libgcc.a(_aeabi_uldivmod.o)
 .ARM.attributes
                0x0000000000000c4a       0x34 D:/Studia/5th_semester/stm32_IDE/STM32CubeIDE_1.13.2/STM32CubeIDE/plugins/com.st.stm32cube.ide.mcu.externaltools.gnu-tools-for-stm32.11.3.rel1.win32_1.1.1.202309131626/tools/bin/../lib/gcc/arm-none-eabi/11.3.1/thumb/v7e-m+fp/hard\libgcc.a(_udivmoddi4.o)
 .ARM.attributes
                0x0000000000000c7e       0x1e D:/Studia/5th_semester/stm32_IDE/STM32CubeIDE_1.13.2/STM32CubeIDE/plugins/com.st.stm32cube.ide.mcu.externaltools.gnu-tools-for-stm32.11.3.rel1.win32_1.1.1.202309131626/tools/bin/../lib/gcc/arm-none-eabi/11.3.1/thumb/v7e-m+fp/hard\libgcc.a(_dvmd_tls.o)
 .ARM.attributes
                0x0000000000000c9c       0x1e D:/Studia/5th_semester/stm32_IDE/STM32CubeIDE_1.13.2/STM32CubeIDE/plugins/com.st.stm32cube.ide.mcu.externaltools.gnu-tools-for-stm32.11.3.rel1.win32_1.1.1.202309131626/tools/bin/../lib/gcc/arm-none-eabi/11.3.1/thumb/v7e-m+fp/hard/crtn.o
OUTPUT(Ball_Balancing.elf elf32-littlearm)
LOAD linker stubs
LOAD D:/Studia/5th_semester/stm32_IDE/STM32CubeIDE_1.13.2/STM32CubeIDE/plugins/com.st.stm32cube.ide.mcu.externaltools.gnu-tools-for-stm32.11.3.rel1.win32_1.1.1.202309131626/tools/bin/../lib/gcc/arm-none-eabi/11.3.1/../../../../arm-none-eabi/lib/thumb/v7e-m+fp/hard\libc.a
LOAD D:/Studia/5th_semester/stm32_IDE/STM32CubeIDE_1.13.2/STM32CubeIDE/plugins/com.st.stm32cube.ide.mcu.externaltools.gnu-tools-for-stm32.11.3.rel1.win32_1.1.1.202309131626/tools/bin/../lib/gcc/arm-none-eabi/11.3.1/../../../../arm-none-eabi/lib/thumb/v7e-m+fp/hard\libm.a
LOAD D:/Studia/5th_semester/stm32_IDE/STM32CubeIDE_1.13.2/STM32CubeIDE/plugins/com.st.stm32cube.ide.mcu.externaltools.gnu-tools-for-stm32.11.3.rel1.win32_1.1.1.202309131626/tools/bin/../lib/gcc/arm-none-eabi/11.3.1/thumb/v7e-m+fp/hard\libgcc.a

.comment        0x0000000000000000       0x43
 .comment       0x0000000000000000       0x43 D:/Studia/5th_semester/stm32_IDE/STM32CubeIDE_1.13.2/STM32CubeIDE/plugins/com.st.stm32cube.ide.mcu.externaltools.gnu-tools-for-stm32.11.3.rel1.win32_1.1.1.202309131626/tools/bin/../lib/gcc/arm-none-eabi/11.3.1/thumb/v7e-m+fp/hard/crtbegin.o
                                         0x44 (size before relaxing)
 .comment       0x0000000000000043       0x44 ./Components/Src/Keypad.o
 .comment       0x0000000000000043       0x44 ./Components/Src/PID_controller.o
 .comment       0x0000000000000043       0x44 ./Components/Src/Servo.o
 .comment       0x0000000000000043       0x44 ./Components/Src/btn.o
 .comment       0x0000000000000043       0x44 ./Components/Src/dio.o
 .comment       0x0000000000000043       0x44 ./Components/Src/hcsr04_sensor.o
 .comment       0x0000000000000043       0x44 ./Components/Src/lcd.o
 .comment       0x0000000000000043       0x44 ./Components/Src/lcd_config.o
 .comment       0x0000000000000043       0x44 ./Components/Src/pwm.o
 .comment       0x0000000000000043       0x44 ./Core/Src/gpio.o
 .comment       0x0000000000000043       0x44 ./Core/Src/i2c.o
 .comment       0x0000000000000043       0x44 ./Core/Src/main.o
 .comment       0x0000000000000043       0x44 ./Core/Src/stm32f7xx_hal_msp.o
 .comment       0x0000000000000043       0x44 ./Core/Src/stm32f7xx_it.o
 .comment       0x0000000000000043       0x44 ./Core/Src/sysmem.o
 .comment       0x0000000000000043       0x44 ./Core/Src/system_stm32f7xx.o
 .comment       0x0000000000000043       0x44 ./Core/Src/tim.o
 .comment       0x0000000000000043       0x44 ./Core/Src/usart.o
 .comment       0x0000000000000043       0x44 ./Drivers/STM32F7xx_HAL_Driver/Src/stm32f7xx_hal.o
 .comment       0x0000000000000043       0x44 ./Drivers/STM32F7xx_HAL_Driver/Src/stm32f7xx_hal_cortex.o
 .comment       0x0000000000000043       0x44 ./Drivers/STM32F7xx_HAL_Driver/Src/stm32f7xx_hal_dma.o
 .comment       0x0000000000000043       0x44 ./Drivers/STM32F7xx_HAL_Driver/Src/stm32f7xx_hal_gpio.o
 .comment       0x0000000000000043       0x44 ./Drivers/STM32F7xx_HAL_Driver/Src/stm32f7xx_hal_i2c.o
 .comment       0x0000000000000043       0x44 ./Drivers/STM32F7xx_HAL_Driver/Src/stm32f7xx_hal_i2c_ex.o
 .comment       0x0000000000000043       0x44 ./Drivers/STM32F7xx_HAL_Driver/Src/stm32f7xx_hal_pwr.o
 .comment       0x0000000000000043       0x44 ./Drivers/STM32F7xx_HAL_Driver/Src/stm32f7xx_hal_pwr_ex.o
 .comment       0x0000000000000043       0x44 ./Drivers/STM32F7xx_HAL_Driver/Src/stm32f7xx_hal_rcc.o
 .comment       0x0000000000000043       0x44 ./Drivers/STM32F7xx_HAL_Driver/Src/stm32f7xx_hal_rcc_ex.o
 .comment       0x0000000000000043       0x44 ./Drivers/STM32F7xx_HAL_Driver/Src/stm32f7xx_hal_tim.o
 .comment       0x0000000000000043       0x44 ./Drivers/STM32F7xx_HAL_Driver/Src/stm32f7xx_hal_tim_ex.o
 .comment       0x0000000000000043       0x44 ./Drivers/STM32F7xx_HAL_Driver/Src/stm32f7xx_hal_uart.o

.debug_info     0x0000000000000000    0x193d9
 .debug_info    0x0000000000000000      0x47e ./Components/Src/Keypad.o
 .debug_info    0x000000000000047e      0x80e ./Components/Src/PID_controller.o
 .debug_info    0x0000000000000c8c      0x7ed ./Components/Src/Servo.o
 .debug_info    0x0000000000001479      0x33a ./Components/Src/btn.o
 .debug_info    0x00000000000017b3      0x2d6 ./Components/Src/dio.o
 .debug_info    0x0000000000001a89      0x7e4 ./Components/Src/hcsr04_sensor.o
 .debug_info    0x000000000000226d      0xeaf ./Components/Src/lcd.o
 .debug_info    0x000000000000311c      0xa38 ./Components/Src/lcd_config.o
 .debug_info    0x0000000000003b54      0x7a7 ./Components/Src/pwm.o
 .debug_info    0x00000000000042fb      0x4b5 ./Core/Src/gpio.o
 .debug_info    0x00000000000047b0      0xc2f ./Core/Src/i2c.o
 .debug_info    0x00000000000053df     0x1965 ./Core/Src/main.o
 .debug_info    0x0000000000006d44      0x28d ./Core/Src/stm32f7xx_hal_msp.o
 .debug_info    0x0000000000006fd1      0xad6 ./Core/Src/stm32f7xx_it.o
 .debug_info    0x0000000000007aa7      0x168 ./Core/Src/sysmem.o
 .debug_info    0x0000000000007c0f      0x6ed ./Core/Src/system_stm32f7xx.o
 .debug_info    0x00000000000082fc     0x12b1 ./Core/Src/tim.o
 .debug_info    0x00000000000095ad      0xf29 ./Core/Src/usart.o
 .debug_info    0x000000000000a4d6       0x23 ./Core/Startup/startup_stm32f746zgtx.o
 .debug_info    0x000000000000a4f9      0x9d8 ./Drivers/STM32F7xx_HAL_Driver/Src/stm32f7xx_hal.o
 .debug_info    0x000000000000aed1      0xf49 ./Drivers/STM32F7xx_HAL_Driver/Src/stm32f7xx_hal_cortex.o
 .debug_info    0x000000000000be1a      0x8e7 ./Drivers/STM32F7xx_HAL_Driver/Src/stm32f7xx_hal_dma.o
 .debug_info    0x000000000000c701      0x6e7 ./Drivers/STM32F7xx_HAL_Driver/Src/stm32f7xx_hal_gpio.o
 .debug_info    0x000000000000cde8     0x20b3 ./Drivers/STM32F7xx_HAL_Driver/Src/stm32f7xx_hal_i2c.o
 .debug_info    0x000000000000ee9b      0x92e ./Drivers/STM32F7xx_HAL_Driver/Src/stm32f7xx_hal_i2c_ex.o
 .debug_info    0x000000000000f7c9      0x90e ./Drivers/STM32F7xx_HAL_Driver/Src/stm32f7xx_hal_pwr.o
 .debug_info    0x00000000000100d7      0x8cd ./Drivers/STM32F7xx_HAL_Driver/Src/stm32f7xx_hal_pwr_ex.o
 .debug_info    0x00000000000109a4      0x8dc ./Drivers/STM32F7xx_HAL_Driver/Src/stm32f7xx_hal_rcc.o
 .debug_info    0x0000000000011280      0x6bd ./Drivers/STM32F7xx_HAL_Driver/Src/stm32f7xx_hal_rcc_ex.o
 .debug_info    0x000000000001193d     0x2a9a ./Drivers/STM32F7xx_HAL_Driver/Src/stm32f7xx_hal_tim.o
 .debug_info    0x00000000000143d7     0x15bb ./Drivers/STM32F7xx_HAL_Driver/Src/stm32f7xx_hal_tim_ex.o
 .debug_info    0x0000000000015992     0x3a47 ./Drivers/STM32F7xx_HAL_Driver/Src/stm32f7xx_hal_uart.o

.debug_abbrev   0x0000000000000000     0x3c38
 .debug_abbrev  0x0000000000000000      0x1c1 ./Components/Src/Keypad.o
 .debug_abbrev  0x00000000000001c1      0x1be ./Components/Src/PID_controller.o
 .debug_abbrev  0x000000000000037f      0x1d6 ./Components/Src/Servo.o
 .debug_abbrev  0x0000000000000555      0x176 ./Components/Src/btn.o
 .debug_abbrev  0x00000000000006cb      0x190 ./Components/Src/dio.o
 .debug_abbrev  0x000000000000085b      0x196 ./Components/Src/hcsr04_sensor.o
 .debug_abbrev  0x00000000000009f1      0x25b ./Components/Src/lcd.o
 .debug_abbrev  0x0000000000000c4c      0x15c ./Components/Src/lcd_config.o
 .debug_abbrev  0x0000000000000da8      0x1b3 ./Components/Src/pwm.o
 .debug_abbrev  0x0000000000000f5b      0x152 ./Core/Src/gpio.o
 .debug_abbrev  0x00000000000010ad      0x217 ./Core/Src/i2c.o
 .debug_abbrev  0x00000000000012c4      0x330 ./Core/Src/main.o
 .debug_abbrev  0x00000000000015f4       0xd8 ./Core/Src/stm32f7xx_hal_msp.o
 .debug_abbrev  0x00000000000016cc      0x19c ./Core/Src/stm32f7xx_it.o
 .debug_abbrev  0x0000000000001868       0xbc ./Core/Src/sysmem.o
 .debug_abbrev  0x0000000000001924      0x13b ./Core/Src/system_stm32f7xx.o
 .debug_abbrev  0x0000000000001a5f      0x27a ./Core/Src/tim.o