../Core/Src/main.c:84:6:HAL_TIM_PeriodElapsedCallback	16	static
../Core/Src/main.c:99:6:HAL_UART_RxCpltCallback	16	static
../Core/Src/main.c:113:5:main	8	static
../Core/Src/main.c:176:6:SystemClock_Config	88	static
../Core/Src/main.c:233:13:MX_TIM1_Init	40	static
../Core/Src/main.c:283:13:MX_TIM2_Init	40	static
../Core/Src/main.c:328:13:MX_TIM9_Init	56	static
../Core/Src/main.c:380:13:MX_USART3_UART_Init	8	static
../Core/Src/main.c:415:13:MX_GPIO_Init	56	static
../Core/Src/main.c:546:6:Error_Handler	4	static,ignoring_inline_asm
