../Core/Src/main.c:85:6:HAL_TIM_PeriodElapsedCallback	16	static
../Core/Src/main.c:99:6:HAL_UART_RxCpltCallback	16	static
../Core/Src/main.c:113:5:main	8	static
../Core/Src/main.c:183:6:SystemClock_Config	88	static
../Core/Src/main.c:240:13:MX_TIM1_Init	72	static
../Core/Src/main.c:316:13:MX_TIM2_Init	48	static
../Core/Src/main.c:365:13:MX_TIM3_Init	72	static
../Core/Src/main.c:439:13:MX_TIM9_Init	56	static
../Core/Src/main.c:491:13:MX_USART3_UART_Init	8	static
../Core/Src/main.c:526:13:MX_GPIO_Init	56	static
../Core/Src/main.c:640:6:HAL_TIM_IC_CaptureCallback	24	static
../Core/Src/main.c:667:6:Error_Handler	4	static,ignoring_inline_asm
